Component: ARM Compiler 5.06 update 2 (build 183) Tool: armlink [4d35b7]

==============================================================================

Section Cross References

    system_stm32f4xx.o(i.SystemCoreClockUpdate) refers to system_stm32f4xx.o(.data) for SystemCoreClock
    system_stm32f4xx.o(i.SystemInit) refers to system_stm32f4xx.o(i.SetSysClock) for SetSysClock
    startup_stm32f40_41xxx.o(RESET) refers to startup_stm32f40_41xxx.o(STACK) for __initial_sp
    startup_stm32f40_41xxx.o(RESET) refers to startup_stm32f40_41xxx.o(.text) for Reset_Handler
    startup_stm32f40_41xxx.o(RESET) refers to main.o(i.SysTick_Handler) for SysTick_Handler
    startup_stm32f40_41xxx.o(RESET) refers to usart1.o(i.USART1_IRQHandler) for USART1_IRQHandler
    startup_stm32f40_41xxx.o(RESET) refers to usart3.o(i.USART3_IRQHandler) for USART3_IRQHandler
    startup_stm32f40_41xxx.o(.text) refers to system_stm32f4xx.o(i.SystemInit) for SystemInit
    startup_stm32f40_41xxx.o(.text) refers to entry.o(.ARM.Collect$$$$00000000) for __main
    main.o(i.SysTick_Handler) refers to memseta.o(.text) for __aeabi_memclr4
    main.o(i.SysTick_Handler) refers to adc.o(i.Get_AverageValue) for Get_AverageValue
    main.o(i.SysTick_Handler) refers to printf8.o(i.__0sprintf$8) for __2sprintf
    main.o(i.SysTick_Handler) refers to lcd.o(i.LCD_dis) for LCD_dis
    main.o(i.SysTick_Handler) refers to main.o(.bss) for time_cnt
    main.o(i.SysTick_Handler) refers to main.o(.data) for light_value
    main.o(i.check_sensors) refers to lcd.o(i.LCD_dis_hz) for LCD_dis_hz
    main.o(i.check_sensors) refers to rgb.o(i.W2812_WriteColorData) for W2812_WriteColorData
    main.o(i.check_sensors) refers to stm32f4xx_gpio.o(i.GPIO_SetBits) for GPIO_SetBits
    main.o(i.check_sensors) refers to stm32f4xx_gpio.o(i.GPIO_ResetBits) for GPIO_ResetBits
    main.o(i.check_sensors) refers to main.o(.data) for light_value
    main.o(i.main) refers to misc.o(i.NVIC_PriorityGroupConfig) for NVIC_PriorityGroupConfig
    main.o(i.main) refers to led.o(i.Led_Init) for Led_Init
    main.o(i.main) refers to key.o(i.Key_Init) for Key_Init
    main.o(i.main) refers to beep.o(i.Beep_Init) for Beep_Init
    main.o(i.main) refers to stm32f4xx_gpio.o(i.GPIO_ResetBits) for GPIO_ResetBits
    main.o(i.main) refers to relay.o(i.Relay_Init) for Relay_Init
    main.o(i.main) refers to usart1.o(i.Usart1_Init) for Usart1_Init
    main.o(i.main) refers to rgb.o(i.Rgb_Init) for Rgb_Init
    main.o(i.main) refers to lcd.o(i.st7789vm_init) for st7789vm_init
    main.o(i.main) refers to sht30.o(i.Sht30_Init) for Sht30_Init
    main.o(i.main) refers to usart3.o(i.Usart3_Init) for Usart3_Init
    main.o(i.main) refers to sg90.o(i.SteeringPwm_Init) for SteeringPwm_Init
    main.o(i.main) refers to sg90.o(i.SetServoAngle) for SetServoAngle
    main.o(i.main) refers to adc.o(i.Adc_Init) for Adc_Init
    main.o(i.main) refers to stm32f4xx_gpio.o(i.GPIO_SetBits) for GPIO_SetBits
    main.o(i.main) refers to delay.o(i.delay_ms) for delay_ms
    main.o(i.main) refers to lcd.o(i.LCD_clear) for LCD_clear
    main.o(i.main) refers to key.o(i.key_scan) for key_scan
    main.o(i.main) refers to main.o(i.show_welcome_page) for show_welcome_page
    main.o(i.main) refers to main.o(i.show_info_page) for show_info_page
    main.o(i.main) refers to main.o(i.show_rgb_page) for show_rgb_page
    main.o(i.main) refers to main.o(i.show_sensor_page) for show_sensor_page
    main.o(i.main) refers to main.o(i.update_rgb_color) for update_rgb_color
    main.o(i.main) refers to main.o(i.check_sensors) for check_sensors
    main.o(i.main) refers to main.o(.data) for current_page
    main.o(i.show_info_page) refers to lcd.o(i.LCD_clear) for LCD_clear
    main.o(i.show_info_page) refers to lcd.o(i.LCD_dis_hz) for LCD_dis_hz
    main.o(i.show_info_page) refers to lcd.o(i.LCD_dis) for LCD_dis
    main.o(i.show_info_page) refers to lcd.o(i.LCD_dis_pic) for LCD_dis_pic
    main.o(i.show_info_page) refers to 11.o(.constdata) for gImage_vitality
    main.o(i.show_rgb_page) refers to lcd.o(i.LCD_clear) for LCD_clear
    main.o(i.show_rgb_page) refers to lcd.o(i.LCD_dis) for LCD_dis
    main.o(i.show_rgb_page) refers to lcd.o(i.LCD_dis_hz) for LCD_dis_hz
    main.o(i.show_rgb_page) refers to printf8.o(i.__0sprintf$8) for __2sprintf
    main.o(i.show_rgb_page) refers to main.o(.data) for servo_angle
    main.o(i.show_sensor_page) refers to lcd.o(i.LCD_clear) for LCD_clear
    main.o(i.show_sensor_page) refers to lcd.o(i.LCD_dis_hz) for LCD_dis_hz
    main.o(i.show_sensor_page) refers to lcd.o(i.LCD_dis) for LCD_dis
    main.o(i.show_welcome_page) refers to lcd.o(i.LCD_clear) for LCD_clear
    main.o(i.show_welcome_page) refers to lcd.o(i.LCD_dis_hz) for LCD_dis_hz
    main.o(i.show_welcome_page) refers to lcd.o(i.LCD_dis_pic) for LCD_dis_pic
    main.o(i.show_welcome_page) refers to 11.o(.constdata) for gImage_vitality
    main.o(i.update_rgb_color) refers to rgb.o(i.W2812_WriteColorData) for W2812_WriteColorData
[...]
    Removing stm32f4xx_ltdc.o(i.LTDC_ITConfig), (32 bytes).
    Removing stm32f4xx_ltdc.o(i.LTDC_Init), (392 bytes).
    Removing stm32f4xx_ltdc.o(i.LTDC_LIPConfig), (12 bytes).
    Removing stm32f4xx_ltdc.o(i.LTDC_LayerAddress), (4 bytes).
    Removing stm32f4xx_ltdc.o(i.LTDC_LayerAlpha), (4 bytes).
    Removing stm32f4xx_ltdc.o(i.LTDC_LayerCmd), (22 bytes).
    Removing stm32f4xx_ltdc.o(i.LTDC_LayerInit), (276 bytes).
    Removing stm32f4xx_ltdc.o(i.LTDC_LayerPixelFormat), (106 bytes).
    Removing stm32f4xx_ltdc.o(i.LTDC_LayerPosition), (160 bytes).
    Removing stm32f4xx_ltdc.o(i.LTDC_LayerSize), (116 bytes).
    Removing stm32f4xx_ltdc.o(i.LTDC_LayerStructInit), (48 bytes).
    Removing stm32f4xx_ltdc.o(i.LTDC_PosStructInit), (8 bytes).
    Removing stm32f4xx_ltdc.o(i.LTDC_RGBStructInit), (10 bytes).
    Removing stm32f4xx_ltdc.o(i.LTDC_ReloadConfig), (12 bytes).
    Removing stm32f4xx_ltdc.o(i.LTDC_StructInit), (34 bytes).
    Removing stm32f4xx_pwr.o(.rev16_text), (4 bytes).
    Removing stm32f4xx_pwr.o(.revsh_text), (4 bytes).
    Removing stm32f4xx_pwr.o(i.PWR_BackupAccessCmd), (12 bytes).
    Removing stm32f4xx_pwr.o(i.PWR_BackupRegulatorCmd), (12 bytes).
    Removing stm32f4xx_pwr.o(i.PWR_ClearFlag), (20 bytes).
    Removing stm32f4xx_pwr.o(i.PWR_DeInit), (22 bytes).
    Removing stm32f4xx_pwr.o(i.PWR_EnterSTANDBYMode), (40 bytes).
    Removing stm32f4xx_pwr.o(i.PWR_EnterSTOPMode), (68 bytes).
    Removing stm32f4xx_pwr.o(i.PWR_EnterUnderDriveSTOPMode), (68 bytes).
    Removing stm32f4xx_pwr.o(i.PWR_FlashPowerDownCmd), (12 bytes).
    Removing stm32f4xx_pwr.o(i.PWR_GetFlagStatus), (24 bytes).
    Removing stm32f4xx_pwr.o(i.PWR_LowRegulatorLowVoltageCmd), (24 bytes).
    Removing stm32f4xx_pwr.o(i.PWR_MainRegulatorLowVoltageCmd), (24 bytes).
    Removing stm32f4xx_pwr.o(i.PWR_MainRegulatorModeConfig), (24 bytes).
    Removing stm32f4xx_pwr.o(i.PWR_OverDriveCmd), (12 bytes).
    Removing stm32f4xx_pwr.o(i.PWR_OverDriveSWCmd), (12 bytes).
    Removing stm32f4xx_pwr.o(i.PWR_PVDCmd), (12 bytes).
    Removing stm32f4xx_pwr.o(i.PWR_PVDLevelConfig), (24 bytes).
    Removing stm32f4xx_pwr.o(i.PWR_UnderDriveCmd), (36 bytes).
    Removing stm32f4xx_pwr.o(i.PWR_WakeUpPinCmd), (12 bytes).
    Removing stm32f4xx_rcc.o(.rev16_text), (4 bytes).
    Removing stm32f4xx_rcc.o(.revsh_text), (4 bytes).
    Removing stm32f4xx_rcc.o(i.RCC_AHB1PeriphClockLPModeCmd), (32 bytes).
    Removing stm32f4xx_rcc.o(i.RCC_AHB1PeriphResetCmd), (32 bytes).
    Removing stm32f4xx_rcc.o(i.RCC_AHB2PeriphClockCmd), (32 bytes).
    Removing stm32f4xx_rcc.o(i.RCC_AHB2PeriphClockLPModeCmd), (32 bytes).
    Removing stm32f4xx_rcc.o(i.RCC_AHB2PeriphResetCmd), (32 bytes).
    Removing stm32f4xx_rcc.o(i.RCC_AHB3PeriphClockCmd), (32 bytes).
    Removing stm32f4xx_rcc.o(i.RCC_AHB3PeriphClockLPModeCmd), (32 bytes).
    Removing stm32f4xx_rcc.o(i.RCC_AHB3PeriphResetCmd), (32 bytes).
    Removing stm32f4xx_rcc.o(i.RCC_APB1PeriphClockLPModeCmd), (32 bytes).
    Removing stm32f4xx_rcc.o(i.RCC_APB1PeriphResetCmd), (32 bytes).
    Removing stm32f4xx_rcc.o(i.RCC_APB2PeriphClockLPModeCmd), (32 bytes).
    Removing stm32f4xx_rcc.o(i.RCC_AdjustHSICalibrationValue), (24 bytes).
    Removing stm32f4xx_rcc.o(i.RCC_BackupResetCmd), (12 bytes).
    Removing stm32f4xx_rcc.o(i.RCC_ClearFlag), (20 bytes).
    Removing stm32f4xx_rcc.o(i.RCC_ClearITPendingBit), (12 bytes).
    Removing stm32f4xx_rcc.o(i.RCC_ClockSecuritySystemCmd), (12 bytes).
    Removing stm32f4xx_rcc.o(i.RCC_DeInit), (100 bytes).
    Removing stm32f4xx_rcc.o(i.RCC_GetFlagStatus), (64 bytes).
    Removing stm32f4xx_rcc.o(i.RCC_GetITStatus), (24 bytes).
    Removing stm32f4xx_rcc.o(i.RCC_GetSYSCLKSource), (16 bytes).
    Removing stm32f4xx_rcc.o(i.RCC_HCLKConfig), (24 bytes).
    Removing stm32f4xx_rcc.o(i.RCC_HSEConfig), (16 bytes).
    Removing stm32f4xx_rcc.o(i.RCC_HSICmd), (12 bytes).
    Removing stm32f4xx_rcc.o(i.RCC_I2SCLKConfig), (12 bytes).
    Removing stm32f4xx_rcc.o(i.RCC_ITConfig), (32 bytes).
    Removing stm32f4xx_rcc.o(i.RCC_LSEConfig), (44 bytes).
    Removing stm32f4xx_rcc.o(i.RCC_LSEModeConfig), (36 bytes).
    Removing stm32f4xx_rcc.o(i.RCC_LSICmd), (12 bytes).
    Removing stm32f4xx_rcc.o(i.RCC_LTDCCLKDivConfig), (24 bytes).
    Removing stm32f4xx_rcc.o(i.RCC_MCO1Config), (28 bytes).
    Removing stm32f4xx_rcc.o(i.RCC_MCO2Config), (28 bytes).
    Removing stm32f4xx_rcc.o(i.RCC_PCLK1Config), (24 bytes).
    Removing stm32f4xx_rcc.o(i.RCC_PCLK2Config), (24 bytes).
    Removing stm32f4xx_rcc.o(i.RCC_PLLCmd), (12 bytes).
    Removing stm32f4xx_rcc.o(i.RCC_PLLConfig), (36 bytes).
    Removing stm32f4xx_rcc.o(i.RCC_PLLI2SCmd), (12 bytes).
    Removing stm32f4xx_rcc.o(i.RCC_PLLI2SConfig), (16 bytes).
    Removing stm32f4xx_rcc.o(i.RCC_PLLSAICmd), (12 bytes).
    Removing stm32f4xx_rcc.o(i.RCC_PLLSAIConfig), (24 bytes).
    Removing stm32f4xx_rcc.o(i.RCC_RTCCLKCmd), (12 bytes).
    Removing stm32f4xx_rcc.o(i.RCC_RTCCLKConfig), (60 bytes).
    Removing stm32f4xx_rcc.o(i.RCC_SAIBlockACLKConfig), (24 bytes).
    Removing stm32f4xx_rcc.o(i.RCC_SAIBlockBCLKConfig), (24 bytes).
    Removing stm32f4xx_rcc.o(i.RCC_SAIPLLI2SClkDivConfig), (28 bytes).
    Removing stm32f4xx_rcc.o(i.RCC_SAIPLLSAIClkDivConfig), (28 bytes).
    Removing stm32f4xx_rcc.o(i.RCC_SYSCLKConfig), (24 bytes).
    Removing stm32f4xx_rcc.o(i.RCC_TIMCLKPresConfig), (12 bytes).
    Removing stm32f4xx_rcc.o(i.RCC_WaitForHSEStartUp), (56 bytes).
    Removing stm32f4xx_rng.o(.rev16_text), (4 bytes).
    Removing stm32f4xx_rng.o(.revsh_text), (4 bytes).
    Removing stm32f4xx_rng.o(i.RNG_ClearFlag), (16 bytes).
    Removing stm32f4xx_rng.o(i.RNG_ClearITPendingBit), (16 bytes).
    Removing stm32f4xx_rng.o(i.RNG_Cmd), (36 bytes).
    Removing stm32f4xx_rng.o(i.RNG_DeInit), (20 bytes).
    Removing stm32f4xx_rng.o(i.RNG_GetFlagStatus), (24 bytes).
    Removing stm32f4xx_rng.o(i.RNG_GetITStatus), (24 bytes).
    Removing stm32f4xx_rng.o(i.RNG_GetRandomNumber), (12 bytes).
    Removing stm32f4xx_rng.o(i.RNG_ITConfig), (36 bytes).
    Removing stm32f4xx_rtc.o(.rev16_text), (4 bytes).
    Removing stm32f4xx_rtc.o(.revsh_text), (4 bytes).
    Removing stm32f4xx_rtc.o(i.RTC_AlarmCmd), (116 bytes).
    Removing stm32f4xx_rtc.o(i.RTC_AlarmStructInit), (22 bytes).
    Removing stm32f4xx_rtc.o(i.RTC_AlarmSubSecondConfig), (52 bytes).
    Removing stm32f4xx_rtc.o(i.RTC_Bcd2ToByte), (22 bytes).
    Removing stm32f4xx_rtc.o(i.RTC_BypassShadowCmd), (60 bytes).
    Removing stm32f4xx_rtc.o(i.RTC_ByteToBcd2), (28 bytes).
    Removing stm32f4xx_rtc.o(i.RTC_CalibOutputCmd), (60 bytes).
    Removing stm32f4xx_rtc.o(i.RTC_CalibOutputConfig), (48 bytes).
    Removing stm32f4xx_rtc.o(i.RTC_ClearFlag), (28 bytes).
    Removing stm32f4xx_rtc.o(i.RTC_ClearITPendingBit), (32 bytes).
    Removing stm32f4xx_rtc.o(i.RTC_CoarseCalibCmd), (80 bytes).
    Removing stm32f4xx_rtc.o(i.RTC_CoarseCalibConfig), (56 bytes).
    Removing stm32f4xx_rtc.o(i.RTC_DateStructInit), (14 bytes).
    Removing stm32f4xx_rtc.o(i.RTC_DayLightSavingConfig), (56 bytes).
    Removing stm32f4xx_rtc.o(i.RTC_DeInit), (212 bytes).
    Removing stm32f4xx_rtc.o(i.RTC_EnterInitMode), (80 bytes).
    Removing stm32f4xx_rtc.o(i.RTC_ExitInitMode), (20 bytes).
    Removing stm32f4xx_rtc.o(i.RTC_GetAlarm), (116 bytes).
    Removing stm32f4xx_rtc.o(i.RTC_GetAlarmSubSecond), (36 bytes).
    Removing stm32f4xx_rtc.o(i.RTC_GetDate), (76 bytes).
    Removing stm32f4xx_rtc.o(i.RTC_GetFlagStatus), (40 bytes).
    Removing stm32f4xx_rtc.o(i.RTC_GetITStatus), (64 bytes).
    Removing stm32f4xx_rtc.o(i.RTC_GetStoreOperation), (16 bytes).
    Removing stm32f4xx_rtc.o(i.RTC_GetSubSecond), (20 bytes).
    Removing stm32f4xx_rtc.o(i.RTC_GetTime), (80 bytes).
    Removing stm32f4xx_rtc.o(i.RTC_GetTimeStamp), (156 bytes).
    Removing stm32f4xx_rtc.o(i.RTC_GetTimeStampSubSecond), (12 bytes).
    Removing stm32f4xx_rtc.o(i.RTC_GetWakeUpCounter), (12 bytes).
    Removing stm32f4xx_rtc.o(i.RTC_ITConfig), (100 bytes).
    Removing stm32f4xx_rtc.o(i.RTC_Init), (100 bytes).
    Removing stm32f4xx_rtc.o(i.RTC_OutputConfig), (56 bytes).
    Removing stm32f4xx_rtc.o(i.RTC_OutputTypeConfig), (28 bytes).
    Removing stm32f4xx_rtc.o(i.RTC_ReadBackupRegister), (32 bytes).
    Removing stm32f4xx_rtc.o(i.RTC_RefClockCmd), (80 bytes).
    Removing stm32f4xx_rtc.o(i.RTC_SetAlarm), (236 bytes).
    Removing stm32f4xx_rtc.o(i.RTC_SetDate), (200 bytes).
    Removing stm32f4xx_rtc.o(i.RTC_SetTime), (208 bytes).
    Removing stm32f4xx_rtc.o(i.RTC_SetWakeUpCounter), (28 bytes).
    Removing stm32f4xx_rtc.o(i.RTC_SmoothCalibConfig), (96 bytes).
    Removing stm32f4xx_rtc.o(i.RTC_StructInit), (14 bytes).
    Removing stm32f4xx_rtc.o(i.RTC_SynchroShiftConfig), (124 bytes).
    Removing stm32f4xx_rtc.o(i.RTC_TamperCmd), (32 bytes).
    Removing stm32f4xx_rtc.o(i.RTC_TamperFilterConfig), (28 bytes).
    Removing stm32f4xx_rtc.o(i.RTC_TamperPinSelection), (28 bytes).
    Removing stm32f4xx_rtc.o(i.RTC_TamperPinsPrechargeDuration), (28 bytes).
    Removing stm32f4xx_rtc.o(i.RTC_TamperPullUpCmd), (36 bytes).
    Removing stm32f4xx_rtc.o(i.RTC_TamperSamplingFreqConfig), (28 bytes).
    Removing stm32f4xx_rtc.o(i.RTC_TamperTriggerConfig), (36 bytes).
    Removing stm32f4xx_rtc.o(i.RTC_TimeStampCmd), (56 bytes).
    Removing stm32f4xx_rtc.o(i.RTC_TimeStampOnTamperDetectionCmd), (36 bytes).
    Removing stm32f4xx_rtc.o(i.RTC_TimeStampPinSelection), (28 bytes).
    Removing stm32f4xx_rtc.o(i.RTC_TimeStructInit), (12 bytes).
    Removing stm32f4xx_rtc.o(i.RTC_WaitForSynchro), (96 bytes).
    Removing stm32f4xx_rtc.o(i.RTC_WakeUpClockConfig), (48 bytes).
    Removing stm32f4xx_rtc.o(i.RTC_WakeUpCmd), (120 bytes).
    Removing stm32f4xx_rtc.o(i.RTC_WriteBackupRegister), (28 bytes).
    Removing stm32f4xx_rtc.o(i.RTC_WriteProtectionCmd), (28 bytes).
    Removing stm32f4xx_sai.o(.rev16_text), (4 bytes).
    Removing stm32f4xx_sai.o(.revsh_text), (4 bytes).
    Removing stm32f4xx_sai.o(i.SAI_ClearFlag), (8 bytes).
    Removing stm32f4xx_sai.o(i.SAI_ClearITPendingBit), (8 bytes).
    Removing stm32f4xx_sai.o(i.SAI_Cmd), (22 bytes).
    Removing stm32f4xx_sai.o(i.SAI_CompandingModeConfig), (16 bytes).
    Removing stm32f4xx_sai.o(i.SAI_DMACmd), (22 bytes).
    Removing stm32f4xx_sai.o(i.SAI_DeInit), (24 bytes).
    Removing stm32f4xx_sai.o(i.SAI_FlushFIFO), (10 bytes).
    Removing stm32f4xx_sai.o(i.SAI_FrameInit), (44 bytes).
    Removing stm32f4xx_sai.o(i.SAI_FrameStructInit), (18 bytes).
    Removing stm32f4xx_sai.o(i.SAI_GetCmdStatus), (20 bytes).
    Removing stm32f4xx_sai.o(i.SAI_GetFIFOStatus), (12 bytes).
    Removing stm32f4xx_sai.o(i.SAI_GetFlagStatus), (18 bytes).
    Removing stm32f4xx_sai.o(i.SAI_GetITStatus), (30 bytes).
    Removing stm32f4xx_sai.o(i.SAI_ITConfig), (18 bytes).
    Removing stm32f4xx_sai.o(i.SAI_Init), (72 bytes).
    Removing stm32f4xx_sai.o(i.SAI_MonoModeConfig), (18 bytes).
    Removing stm32f4xx_sai.o(i.SAI_MuteFrameCounterConfig), (18 bytes).
    Removing stm32f4xx_sai.o(i.SAI_MuteModeCmd), (22 bytes).
    Removing stm32f4xx_sai.o(i.SAI_MuteValueConfig), (16 bytes).
    Removing stm32f4xx_sai.o(i.SAI_ReceiveData), (6 bytes).
    Removing stm32f4xx_sai.o(i.SAI_SendData), (4 bytes).
    Removing stm32f4xx_sai.o(i.SAI_SlotInit), (36 bytes).
    Removing stm32f4xx_sai.o(i.SAI_SlotStructInit), (16 bytes).
    Removing stm32f4xx_sai.o(i.SAI_StructInit), (28 bytes).
    Removing stm32f4xx_sai.o(i.SAI_TRIStateConfig), (18 bytes).
    Removing stm32f4xx_sdio.o(.rev16_text), (4 bytes).
    Removing stm32f4xx_sdio.o(.revsh_text), (4 bytes).
    Removing stm32f4xx_sdio.o(i.SDIO_CEATAITCmd), (16 bytes).
    Removing stm32f4xx_sdio.o(i.SDIO_ClearFlag), (12 bytes).
    Removing stm32f4xx_sdio.o(i.SDIO_ClearITPendingBit), (12 bytes).
    Removing stm32f4xx_sdio.o(i.SDIO_ClockCmd), (12 bytes).
    Removing stm32f4xx_sdio.o(i.SDIO_CmdStructInit), (14 bytes).
    Removing stm32f4xx_sdio.o(i.SDIO_CommandCompletionCmd), (12 bytes).
    Removing stm32f4xx_sdio.o(i.SDIO_DMACmd), (12 bytes).
    Removing stm32f4xx_sdio.o(i.SDIO_DataConfig), (52 bytes).
    Removing stm32f4xx_sdio.o(i.SDIO_DataStructInit), (20 bytes).
    Removing stm32f4xx_sdio.o(i.SDIO_DeInit), (22 bytes).
    Removing stm32f4xx_sdio.o(i.SDIO_GetCommandResponse), (12 bytes).
    Removing stm32f4xx_sdio.o(i.SDIO_GetDataCounter), (12 bytes).
    Removing stm32f4xx_sdio.o(i.SDIO_GetFIFOCount), (12 bytes).
    Removing stm32f4xx_sdio.o(i.SDIO_GetFlagStatus), (24 bytes).
    Removing stm32f4xx_sdio.o(i.SDIO_GetITStatus), (24 bytes).
    Removing stm32f4xx_sdio.o(i.SDIO_GetPowerState), (16 bytes).
    Removing stm32f4xx_sdio.o(i.SDIO_GetResponse), (24 bytes).
    Removing stm32f4xx_sdio.o(i.SDIO_ITConfig), (32 bytes).
    Removing stm32f4xx_sdio.o(i.SDIO_Init), (48 bytes).
    Removing stm32f4xx_sdio.o(i.SDIO_ReadData), (12 bytes).
    Removing stm32f4xx_sdio.o(i.SDIO_SendCEATACmd), (12 bytes).
    Removing stm32f4xx_sdio.o(i.SDIO_SendCommand), (44 bytes).
    Removing stm32f4xx_sdio.o(i.SDIO_SendSDIOSuspendCmd), (12 bytes).
    Removing stm32f4xx_sdio.o(i.SDIO_SetPowerState), (12 bytes).
    Removing stm32f4xx_sdio.o(i.SDIO_SetSDIOOperation), (12 bytes).
    Removing stm32f4xx_sdio.o(i.SDIO_SetSDIOReadWaitMode), (12 bytes).
    Removing stm32f4xx_sdio.o(i.SDIO_StartSDIOReadWait), (12 bytes).
    Removing stm32f4xx_sdio.o(i.SDIO_StopSDIOReadWait), (12 bytes).
    Removing stm32f4xx_sdio.o(i.SDIO_StructInit), (16 bytes).
    Removing stm32f4xx_sdio.o(i.SDIO_WriteData), (12 bytes).
    Removing stm32f4xx_spi.o(.rev16_text), (4 bytes).
    Removing stm32f4xx_spi.o(.revsh_text), (4 bytes).
    Removing stm32f4xx_spi.o(i.I2S_Cmd), (24 bytes).
    Removing stm32f4xx_spi.o(i.I2S_FullDuplexConfig), (80 bytes).
    Removing stm32f4xx_spi.o(i.I2S_Init), (408 bytes).
    Removing stm32f4xx_spi.o(i.I2S_StructInit), (20 bytes).
    Removing stm32f4xx_spi.o(i.SPI_BiDirectionalLineConfig), (28 bytes).
    Removing stm32f4xx_spi.o(i.SPI_CalculateCRC), (24 bytes).
    Removing stm32f4xx_spi.o(i.SPI_Cmd), (24 bytes).
    Removing stm32f4xx_spi.o(i.SPI_DataSizeConfig), (18 bytes).
    Removing stm32f4xx_spi.o(i.SPI_GetCRC), (16 bytes).
    Removing stm32f4xx_spi.o(i.SPI_GetCRCPolynomial), (6 bytes).
    Removing stm32f4xx_spi.o(i.SPI_I2S_ClearFlag), (6 bytes).
    Removing stm32f4xx_spi.o(i.SPI_I2S_ClearITPendingBit), (20 bytes).
    Removing stm32f4xx_spi.o(i.SPI_I2S_DMACmd), (18 bytes).
    Removing stm32f4xx_spi.o(i.SPI_I2S_DeInit), (176 bytes).
    Removing stm32f4xx_spi.o(i.SPI_I2S_GetFlagStatus), (18 bytes).
    Removing stm32f4xx_spi.o(i.SPI_I2S_GetITStatus), (52 bytes).
    Removing stm32f4xx_spi.o(i.SPI_I2S_ITConfig), (32 bytes).
    Removing stm32f4xx_spi.o(i.SPI_I2S_ReceiveData), (6 bytes).
    Removing stm32f4xx_spi.o(i.SPI_I2S_SendData), (4 bytes).
    Removing stm32f4xx_spi.o(i.SPI_Init), (60 bytes).
    Removing stm32f4xx_spi.o(i.SPI_NSSInternalSoftwareConfig), (30 bytes).
    Removing stm32f4xx_spi.o(i.SPI_SSOutputCmd), (24 bytes).
    Removing stm32f4xx_spi.o(i.SPI_StructInit), (24 bytes).
    Removing stm32f4xx_spi.o(i.SPI_TIModeCmd), (24 bytes).
    Removing stm32f4xx_spi.o(i.SPI_TransmitCRC), (10 bytes).
    Removing stm32f4xx_syscfg.o(.rev16_text), (4 bytes).
    Removing stm32f4xx_syscfg.o(.revsh_text), (4 bytes).
    Removing stm32f4xx_syscfg.o(i.SYSCFG_CompensationCellCmd), (12 bytes).
    Removing stm32f4xx_syscfg.o(i.SYSCFG_DeInit), (22 bytes).
    Removing stm32f4xx_syscfg.o(i.SYSCFG_ETH_MediaInterfaceConfig), (12 bytes).
    Removing stm32f4xx_syscfg.o(i.SYSCFG_EXTILineConfig), (64 bytes).
    Removing stm32f4xx_syscfg.o(i.SYSCFG_GetCompensationCellStatus), (24 bytes).
    Removing stm32f4xx_syscfg.o(i.SYSCFG_MemoryRemapConfig), (12 bytes).
    Removing stm32f4xx_syscfg.o(i.SYSCFG_MemorySwappingBank), (12 bytes).
    Removing stm32f4xx_tim.o(.rev16_text), (4 bytes).
    Removing stm32f4xx_tim.o(.revsh_text), (4 bytes).
    Removing stm32f4xx_tim.o(i.TI1_Config), (58 bytes).
    Removing stm32f4xx_tim.o(i.TI2_Config), (80 bytes).
    Removing stm32f4xx_tim.o(i.TI3_Config), (72 bytes).
    Removing stm32f4xx_tim.o(i.TI4_Config), (80 bytes).
    Removing stm32f4xx_tim.o(i.TIM_ARRPreloadConfig), (24 bytes).
    Removing stm32f4xx_tim.o(i.TIM_BDTRConfig), (32 bytes).
    Removing stm32f4xx_tim.o(i.TIM_BDTRStructInit), (18 bytes).
    Removing stm32f4xx_tim.o(i.TIM_CCPreloadControl), (24 bytes).
    Removing stm32f4xx_tim.o(i.TIM_CCxCmd), (30 bytes).
    Removing stm32f4xx_tim.o(i.TIM_CCxNCmd), (30 bytes).
    Removing stm32f4xx_tim.o(i.TIM_ClearFlag), (6 bytes).
    Removing stm32f4xx_tim.o(i.TIM_ClearITPendingBit), (6 bytes).
    Removing stm32f4xx_tim.o(i.TIM_ClearOC1Ref), (18 bytes).
    Removing stm32f4xx_tim.o(i.TIM_ClearOC2Ref), (24 bytes).
    Removing stm32f4xx_tim.o(i.TIM_ClearOC3Ref), (18 bytes).
    Removing stm32f4xx_tim.o(i.TIM_ClearOC4Ref), (24 bytes).
    Removing stm32f4xx_tim.o(i.TIM_CounterModeConfig), (18 bytes).
    Removing stm32f4xx_tim.o(i.TIM_CtrlPWMOutputs), (30 bytes).
    Removing stm32f4xx_tim.o(i.TIM_DMACmd), (18 bytes).
    Removing stm32f4xx_tim.o(i.TIM_DMAConfig), (10 bytes).
    Removing stm32f4xx_tim.o(i.TIM_DeInit), (400 bytes).
    Removing stm32f4xx_tim.o(i.TIM_ETRClockMode1Config), (54 bytes).
    Removing stm32f4xx_tim.o(i.TIM_ETRClockMode2Config), (32 bytes).
    Removing stm32f4xx_tim.o(i.TIM_ETRConfig), (28 bytes).
    Removing stm32f4xx_tim.o(i.TIM_EncoderInterfaceConfig), (66 bytes).
    Removing stm32f4xx_tim.o(i.TIM_ForcedOC1Config), (18 bytes).
    Removing stm32f4xx_tim.o(i.TIM_ForcedOC2Config), (26 bytes).
    Removing stm32f4xx_tim.o(i.TIM_ForcedOC3Config), (18 bytes).
    Removing stm32f4xx_tim.o(i.TIM_ForcedOC4Config), (26 bytes).
    Removing stm32f4xx_tim.o(i.TIM_GenerateEvent), (4 bytes).
    Removing stm32f4xx_tim.o(i.TIM_GetCapture1), (6 bytes).
    Removing stm32f4xx_tim.o(i.TIM_GetCapture2), (6 bytes).
    Removing stm32f4xx_tim.o(i.TIM_GetCapture3), (6 bytes).
    Removing stm32f4xx_tim.o(i.TIM_GetCapture4), (6 bytes).
    Removing stm32f4xx_tim.o(i.TIM_GetCounter), (6 bytes).
    Removing stm32f4xx_tim.o(i.TIM_GetFlagStatus), (18 bytes).
    Removing stm32f4xx_tim.o(i.TIM_GetITStatus), (34 bytes).
    Removing stm32f4xx_tim.o(i.TIM_GetPrescaler), (6 bytes).
    Removing stm32f4xx_tim.o(i.TIM_ICInit), (110 bytes).
    Removing stm32f4xx_tim.o(i.TIM_ICStructInit), (18 bytes).
    Removing stm32f4xx_tim.o(i.TIM_ITConfig), (18 bytes).
    Removing stm32f4xx_tim.o(i.TIM_ITRxExternalClockConfig), (24 bytes).
    Removing stm32f4xx_tim.o(i.TIM_InternalClockConfig), (12 bytes).
    Removing stm32f4xx_tim.o(i.TIM_OC1FastConfig), (18 bytes).
    Removing stm32f4xx_tim.o(i.TIM_OC1Init), (124 bytes).
    Removing stm32f4xx_tim.o(i.TIM_OC1NPolarityConfig), (18 bytes).
    Removing stm32f4xx_tim.o(i.TIM_OC1PolarityConfig), (18 bytes).
    Removing stm32f4xx_tim.o(i.TIM_OC1PreloadConfig), (18 bytes).
    Removing stm32f4xx_tim.o(i.TIM_OC2FastConfig), (26 bytes).
    Removing stm32f4xx_tim.o(i.TIM_OC2NPolarityConfig), (26 bytes).
    Removing stm32f4xx_tim.o(i.TIM_OC2PolarityConfig), (26 bytes).
    Removing stm32f4xx_tim.o(i.TIM_OC3FastConfig), (18 bytes).
    Removing stm32f4xx_tim.o(i.TIM_OC3Init), (160 bytes).
    Removing stm32f4xx_tim.o(i.TIM_OC3NPolarityConfig), (26 bytes).
    Removing stm32f4xx_tim.o(i.TIM_OC3PolarityConfig), (26 bytes).
    Removing stm32f4xx_tim.o(i.TIM_OC3PreloadConfig), (18 bytes).
    Removing stm32f4xx_tim.o(i.TIM_OC4FastConfig), (26 bytes).
    Removing stm32f4xx_tim.o(i.TIM_OC4Init), (120 bytes).
    Removing stm32f4xx_tim.o(i.TIM_OC4PolarityConfig), (26 bytes).
    Removing stm32f4xx_tim.o(i.TIM_OC4PreloadConfig), (26 bytes).
    Removing stm32f4xx_tim.o(i.TIM_OCStructInit), (20 bytes).
    Removing stm32f4xx_tim.o(i.TIM_PWMIConfig), (124 bytes).
    Removing stm32f4xx_tim.o(i.TIM_PrescalerConfig), (6 bytes).
    Removing stm32f4xx_tim.o(i.TIM_RemapConfig), (6 bytes).
    Removing stm32f4xx_tim.o(i.TIM_SelectCCDMA), (24 bytes).
    Removing stm32f4xx_tim.o(i.TIM_SelectCOM), (24 bytes).
    Removing stm32f4xx_tim.o(i.TIM_SelectHallSensor), (24 bytes).
    Removing stm32f4xx_tim.o(i.TIM_SelectInputTrigger), (18 bytes).
    Removing stm32f4xx_tim.o(i.TIM_SelectMasterSlaveMode), (18 bytes).
    Removing stm32f4xx_tim.o(i.TIM_SelectOCxM), (86 bytes).
    Removing stm32f4xx_tim.o(i.TIM_SelectOnePulseMode), (18 bytes).
    Removing stm32f4xx_tim.o(i.TIM_SelectOutputTrigger), (18 bytes).
    Removing stm32f4xx_tim.o(i.TIM_SelectSlaveMode), (18 bytes).
    Removing stm32f4xx_tim.o(i.TIM_SetAutoreload), (4 bytes).
    Removing stm32f4xx_tim.o(i.TIM_SetClockDivision), (18 bytes).
    Removing stm32f4xx_tim.o(i.TIM_SetCompare1), (4 bytes).
    Removing stm32f4xx_tim.o(i.TIM_SetCompare3), (4 bytes).
    Removing stm32f4xx_tim.o(i.TIM_SetCompare4), (4 bytes).
    Removing stm32f4xx_tim.o(i.TIM_SetCounter), (4 bytes).
    Removing stm32f4xx_tim.o(i.TIM_SetIC1Prescaler), (18 bytes).
    Removing stm32f4xx_tim.o(i.TIM_SetIC2Prescaler), (26 bytes).
    Removing stm32f4xx_tim.o(i.TIM_SetIC3Prescaler), (18 bytes).
    Removing stm32f4xx_tim.o(i.TIM_SetIC4Prescaler), (26 bytes).
    Removing stm32f4xx_tim.o(i.TIM_TIxExternalClockConfig), (62 bytes).
    Removing stm32f4xx_tim.o(i.TIM_TimeBaseStructInit), (18 bytes).
    Removing stm32f4xx_tim.o(i.TIM_UpdateDisableConfig), (24 bytes).
    Removing stm32f4xx_tim.o(i.TIM_UpdateRequestConfig), (24 bytes).
    Removing stm32f4xx_usart.o(.rev16_text), (4 bytes).
    Removing stm32f4xx_usart.o(.revsh_text), (4 bytes).
    Removing stm32f4xx_usart.o(i.USART_ClearFlag), (18 bytes).
    Removing stm32f4xx_usart.o(i.USART_ClockInit), (32 bytes).
    Removing stm32f4xx_usart.o(i.USART_ClockStructInit), (12 bytes).
    Removing stm32f4xx_usart.o(i.USART_DMACmd), (18 bytes).
    Removing stm32f4xx_usart.o(i.USART_DeInit), (240 bytes).
    Removing stm32f4xx_usart.o(i.USART_HalfDuplexCmd), (24 bytes).
    Removing stm32f4xx_usart.o(i.USART_IrDACmd), (24 bytes).
    Removing stm32f4xx_usart.o(i.USART_IrDAConfig), (18 bytes).
    Removing stm32f4xx_usart.o(i.USART_LINBreakDetectLengthConfig), (18 bytes).
    Removing stm32f4xx_usart.o(i.USART_LINCmd), (24 bytes).
    Removing stm32f4xx_usart.o(i.USART_OneBitMethodCmd), (24 bytes).
    Removing stm32f4xx_usart.o(i.USART_OverSampling8Cmd), (22 bytes).
    Removing stm32f4xx_usart.o(i.USART_ReceiverWakeUpCmd), (24 bytes).
    Removing stm32f4xx_usart.o(i.USART_SendBreak), (10 bytes).
    Removing stm32f4xx_usart.o(i.USART_SetAddress), (18 bytes).
    Removing stm32f4xx_usart.o(i.USART_SetGuardTime), (16 bytes).
    Removing stm32f4xx_usart.o(i.USART_SetPrescaler), (16 bytes).
    Removing stm32f4xx_usart.o(i.USART_SmartCardCmd), (24 bytes).
    Removing stm32f4xx_usart.o(i.USART_SmartCardNACKCmd), (24 bytes).
    Removing stm32f4xx_usart.o(i.USART_StructInit), (24 bytes).
    Removing stm32f4xx_usart.o(i.USART_WakeUpConfig), (18 bytes).
    Removing stm32f4xx_wwdg.o(.rev16_text), (4 bytes).
    Removing stm32f4xx_wwdg.o(.revsh_text), (4 bytes).
    Removing stm32f4xx_wwdg.o(i.WWDG_ClearFlag), (12 bytes).
    Removing stm32f4xx_wwdg.o(i.WWDG_DeInit), (22 bytes).
    Removing stm32f4xx_wwdg.o(i.WWDG_Enable), (16 bytes).
    Removing stm32f4xx_wwdg.o(i.WWDG_EnableIT), (12 bytes).
    Removing stm32f4xx_wwdg.o(i.WWDG_GetFlagStatus), (20 bytes).
    Removing stm32f4xx_wwdg.o(i.WWDG_SetCounter), (16 bytes).
    Removing stm32f4xx_wwdg.o(i.WWDG_SetPrescaler), (24 bytes).
    Removing stm32f4xx_wwdg.o(i.WWDG_SetWindowValue), (40 bytes).
    Removing dadd.o(.text), (334 bytes).
    Removing dmul.o(.text), (228 bytes).
    Removing ddiv.o(.text), (222 bytes).
    Removing dfltui.o(.text), (26 bytes).
    Removing d2f.o(.text), (56 bytes).
    Removing fepilogue.o(.text), (110 bytes).
    Removing depilogue.o(.text), (186 bytes).
    Removing dfixul.o(.text), (48 bytes).
    Removing cdrcmple.o(.text), (48 bytes).

783 unused section(s) (total 35644 bytes) removed from the image.

==============================================================================

Image Symbol Table

    Local Symbols

    Symbol Name                              Value     Ov Type        Size  Object(Section)

    ../clib/microlib/division.c              0x00000000   Number         0  uldiv.o ABSOLUTE
    ../clib/microlib/division.c              0x00000000   Number         0  uidiv.o ABSOLUTE
    ../clib/microlib/init/entry.s            0x00000000   Number         0  entry11b.o ABSOLUTE
    ../clib/microlib/init/entry.s            0x00000000   Number         0  entry9a.o ABSOLUTE
    ../clib/microlib/init/entry.s            0x00000000   Number         0  entry8b.o ABSOLUTE
    ../clib/microlib/init/entry.s            0x00000000   Number         0  entry8a.o ABSOLUTE
    ../clib/microlib/init/entry.s            0x00000000   Number         0  entry7b.o ABSOLUTE
    ../clib/microlib/init/entry.s            0x00000000   Number         0  entry7a.o ABSOLUTE
    ../clib/microlib/init/entry.s            0x00000000   Number         0  entry.o ABSOLUTE
    ../clib/microlib/init/entry.s            0x00000000   Number         0  entry11a.o ABSOLUTE
    ../clib/microlib/init/entry.s            0x00000000   Number         0  entry5.o ABSOLUTE
    ../clib/microlib/init/entry.s            0x00000000   Number         0  entry10b.o ABSOLUTE
    ../clib/microlib/init/entry.s            0x00000000   Number         0  entry2.o ABSOLUTE
    ../clib/microlib/init/entry.s            0x00000000   Number         0  entry10a.o ABSOLUTE
    ../clib/microlib/init/entry.s            0x00000000   Number         0  entry9b.o ABSOLUTE
    ../clib/microlib/longlong.c              0x00000000   Number         0  llsshr.o ABSOLUTE
    ../clib/microlib/longlong.c              0x00000000   Number         0  llushr.o ABSOLUTE
    ../clib/microlib/longlong.c              0x00000000   Number         0  llshl.o ABSOLUTE
    ../clib/microlib/printf/printf.c         0x00000000   Number         0  printfb.o ABSOLUTE
    ../clib/microlib/printf/printf.c         0x00000000   Number         0  printf5.o ABSOLUTE
    ../clib/microlib/printf/printf.c         0x00000000   Number         0  printf4.o ABSOLUTE
    ../clib/microlib/printf/printf.c         0x00000000   Number         0  printf3.o ABSOLUTE
    ../clib/microlib/printf/printf.c         0x00000000   Number         0  printf2.o ABSOLUTE
    ../clib/microlib/printf/printf.c         0x00000000   Number         0  printf1.o ABSOLUTE
    ../clib/microlib/printf/printf.c         0x00000000   Number         0  printf0.o ABSOLUTE
    ../clib/microlib/printf/printf.c         0x00000000   Number         0  printfa.o ABSOLUTE
    ../clib/microlib/printf/printf.c         0x00000000   Number         0  printf8.o ABSOLUTE
    ../clib/microlib/printf/printf.c         0x00000000   Number         0  printf7.o ABSOLUTE
    ../clib/microlib/printf/printf.c         0x00000000   Number         0  printf6.o ABSOLUTE
    ../clib/microlib/printf/stubs.s          0x00000000   Number         0  stubs.o ABSOLUTE
    ../clib/microlib/stdio/streams.c         0x00000000   Number         0  stdout.o ABSOLUTE
    ../clib/microlib/string/memset.c         0x00000000   Number         0  memseta.o ABSOLUTE
    ../clib/microlib/stubs.s                 0x00000000   Number         0  iusefp.o ABSOLUTE
    ../fplib/microlib/d2f.c                  0x00000000   Number         0  d2f.o ABSOLUTE
    ../fplib/microlib/fpadd.c                0x00000000   Number         0  dadd.o ABSOLUTE
    ../fplib/microlib/fpdiv.c                0x00000000   Number         0  ddiv.o ABSOLUTE
    ../fplib/microlib/fpepilogue.c           0x00000000   Number         0  fepilogue.o ABSOLUTE
    ../fplib/microlib/fpepilogue.c           0x00000000   Number         0  depilogue.o ABSOLUTE
    ../fplib/microlib/fpfix.c                0x00000000   Number         0  dfixul.o ABSOLUTE
    ../fplib/microlib/fpflt.c                0x00000000   Number         0  dfltui.o ABSOLUTE
    ../fplib/microlib/fpmul.c                0x00000000   Number         0  dmul.o ABSOLUTE
    CMSIS\\system_stm32f4xx.c                0x00000000   Number         0  system_stm32f4xx.o ABSOLUTE
    CMSIS\startup_stm32f40_41xxx.s           0x00000000   Number         0  startup_stm32f40_41xxx.o ABSOLUTE
    CMSIS\system_stm32f4xx.c                 0x00000000   Number         0  system_stm32f4xx.o ABSOLUTE
    cdrcmple.s                               0x00000000   Number         0  cdrcmple.o ABSOLUTE
    dc.s                                     0x00000000   Number         0  dc.o ABSOLUTE
    fwlib\\src\\misc.c                       0x00000000   Number         0  misc.o ABSOLUTE
    fwlib\\src\\stm32f4xx_adc.c              0x00000000   Number         0  stm32f4xx_adc.o ABSOLUTE
    fwlib\\src\\stm32f4xx_can.c              0x00000000   Number         0  stm32f4xx_can.o ABSOLUTE
    fwlib\\src\\stm32f4xx_crc.c              0x00000000   Number         0  stm32f4xx_crc.o ABSOLUTE
    fwlib\\src\\stm32f4xx_cryp.c             0x00000000   Number         0  stm32f4xx_cryp.o ABSOLUTE
    fwlib\\src\\stm32f4xx_cryp_aes.c         0x00000000   Number         0  stm32f4xx_cryp_aes.o ABSOLUTE
    fwlib\\src\\stm32f4xx_cryp_des.c         0x00000000   Number         0  stm32f4xx_cryp_des.o ABSOLUTE
    fwlib\\src\\stm32f4xx_cryp_tdes.c        0x00000000   Number         0  stm32f4xx_cryp_tdes.o ABSOLUTE
    fwlib\\src\\stm32f4xx_dac.c              0x00000000   Number         0  stm32f4xx_dac.o ABSOLUTE
    fwlib\\src\\stm32f4xx_dbgmcu.c           0x00000000   Number         0  stm32f4xx_dbgmcu.o ABSOLUTE
    fwlib\\src\\stm32f4xx_dcmi.c             0x00000000   Number         0  stm32f4xx_dcmi.o ABSOLUTE
    fwlib\\src\\stm32f4xx_dma.c              0x00000000   Number         0  stm32f4xx_dma.o ABSOLUTE
    fwlib\\src\\stm32f4xx_dma2d.c            0x00000000   Number         0  stm32f4xx_dma2d.o ABSOLUTE
    fwlib\\src\\stm32f4xx_exti.c             0x00000000   Number         0  stm32f4xx_exti.o ABSOLUTE
    fwlib\\src\\stm32f4xx_flash.c            0x00000000   Number         0  stm32f4xx_flash.o ABSOLUTE
    fwlib\\src\\stm32f4xx_flash_ramfunc.c    0x00000000   Number         0  stm32f4xx_flash_ramfunc.o ABSOLUTE
    fwlib\\src\\stm32f4xx_gpio.c             0x00000000   Number         0  stm32f4xx_gpio.o ABSOLUTE
    fwlib\\src\\stm32f4xx_hash.c             0x00000000   Number         0  stm32f4xx_hash.o ABSOLUTE
    fwlib\\src\\stm32f4xx_hash_md5.c         0x00000000   Number         0  stm32f4xx_hash_md5.o ABSOLUTE
    fwlib\\src\\stm32f4xx_hash_sha1.c        0x00000000   Number         0  stm32f4xx_hash_sha1.o ABSOLUTE
    fwlib\\src\\stm32f4xx_i2c.c              0x00000000   Number         0  stm32f4xx_i2c.o ABSOLUTE
    fwlib\\src\\stm32f4xx_iwdg.c             0x00000000   Number         0  stm32f4xx_iwdg.o ABSOLUTE
    fwlib\\src\\stm32f4xx_ltdc.c             0x00000000   Number         0  stm32f4xx_ltdc.o ABSOLUTE
    fwlib\\src\\stm32f4xx_pwr.c              0x00000000   Number         0  stm32f4xx_pwr.o ABSOLUTE
    fwlib\\src\\stm32f4xx_rcc.c              0x00000000   Number         0  stm32f4xx_rcc.o ABSOLUTE
    fwlib\\src\\stm32f4xx_rng.c              0x00000000   Number         0  stm32f4xx_rng.o ABSOLUTE
    fwlib\\src\\stm32f4xx_rtc.c              0x00000000   Number         0  stm32f4xx_rtc.o ABSOLUTE
    fwlib\\src\\stm32f4xx_sai.c              0x00000000   Number         0  stm32f4xx_sai.o ABSOLUTE
    fwlib\\src\\stm32f4xx_sdio.c             0x00000000   Number         0  stm32f4xx_sdio.o ABSOLUTE
    fwlib\\src\\stm32f4xx_spi.c              0x00000000   Number         0  stm32f4xx_spi.o ABSOLUTE
    fwlib\\src\\stm32f4xx_syscfg.c           0x00000000   Number         0  stm32f4xx_syscfg.o ABSOLUTE
    fwlib\\src\\stm32f4xx_tim.c              0x00000000   Number         0  stm32f4xx_tim.o ABSOLUTE
    fwlib\\src\\stm32f4xx_usart.c            0x00000000   Number         0  stm32f4xx_usart.o ABSOLUTE
    fwlib\\src\\stm32f4xx_wwdg.c             0x00000000   Number         0  stm32f4xx_wwdg.o ABSOLUTE
    fwlib\src\misc.c                         0x00000000   Number         0  misc.o ABSOLUTE
    fwlib\src\stm32f4xx_adc.c                0x00000000   Number         0  stm32f4xx_adc.o ABSOLUTE
    fwlib\src\stm32f4xx_can.c                0x00000000   Number         0  stm32f4xx_can.o ABSOLUTE
    fwlib\src\stm32f4xx_crc.c                0x00000000   Number         0  stm32f4xx_crc.o ABSOLUTE
    fwlib\src\stm32f4xx_cryp.c               0x00000000   Number         0  stm32f4xx_cryp.o ABSOLUTE
    fwlib\src\stm32f4xx_cryp_aes.c           0x00000000   Number         0  stm32f4xx_cryp_aes.o ABSOLUTE
    fwlib\src\stm32f4xx_cryp_des.c           0x00000000   Number         0  stm32f4xx_cryp_des.o ABSOLUTE
    fwlib\src\stm32f4xx_cryp_tdes.c          0x00000000   Number         0  stm32f4xx_cryp_tdes.o ABSOLUTE
    fwlib\src\stm32f4xx_dac.c                0x00000000   Number         0  stm32f4xx_dac.o ABSOLUTE
    fwlib\src\stm32f4xx_dbgmcu.c             0x00000000   Number         0  stm32f4xx_dbgmcu.o ABSOLUTE
    fwlib\src\stm32f4xx_dcmi.c               0x00000000   Number         0  stm32f4xx_dcmi.o ABSOLUTE
    fwlib\src\stm32f4xx_dma.c                0x00000000   Number         0  stm32f4xx_dma.o ABSOLUTE
    fwlib\src\stm32f4xx_dma2d.c              0x00000000   Number         0  stm32f4xx_dma2d.o ABSOLUTE
    fwlib\src\stm32f4xx_exti.c               0x00000000   Number         0  stm32f4xx_exti.o ABSOLUTE
    fwlib\src\stm32f4xx_flash.c              0x00000000   Number         0  stm32f4xx_flash.o ABSOLUTE
    fwlib\src\stm32f4xx_flash_ramfunc.c      0x00000000   Number         0  stm32f4xx_flash_ramfunc.o ABSOLUTE
    fwlib\src\stm32f4xx_gpio.c               0x00000000   Number         0  stm32f4xx_gpio.o ABSOLUTE
    fwlib\src\stm32f4xx_hash.c               0x00000000   Number         0  stm32f4xx_hash.o ABSOLUTE
    fwlib\src\stm32f4xx_hash_md5.c           0x00000000   Number         0  stm32f4xx_hash_md5.o ABSOLUTE
    fwlib\src\stm32f4xx_hash_sha1.c          0x00000000   Number         0  stm32f4xx_hash_sha1.o ABSOLUTE
    fwlib\src\stm32f4xx_i2c.c                0x00000000   Number         0  stm32f4xx_i2c.o ABSOLUTE
    fwlib\src\stm32f4xx_iwdg.c               0x00000000   Number         0  stm32f4xx_iwdg.o ABSOLUTE
    fwlib\src\stm32f4xx_ltdc.c               0x00000000   Number         0  stm32f4xx_ltdc.o ABSOLUTE
    fwlib\src\stm32f4xx_pwr.c                0x00000000   Number         0  stm32f4xx_pwr.o ABSOLUTE
    fwlib\src\stm32f4xx_rcc.c                0x00000000   Number         0  stm32f4xx_rcc.o ABSOLUTE
    fwlib\src\stm32f4xx_rng.c                0x00000000   Number         0  stm32f4xx_rng.o ABSOLUTE
    fwlib\src\stm32f4xx_rtc.c                0x00000000   Number         0  stm32f4xx_rtc.o ABSOLUTE
    fwlib\src\stm32f4xx_sai.c                0x00000000   Number         0  stm32f4xx_sai.o ABSOLUTE
    fwlib\src\stm32f4xx_sdio.c               0x00000000   Number         0  stm32f4xx_sdio.o ABSOLUTE
    fwlib\src\stm32f4xx_spi.c                0x00000000   Number         0  stm32f4xx_spi.o ABSOLUTE
    fwlib\src\stm32f4xx_syscfg.c             0x00000000   Number         0  stm32f4xx_syscfg.o ABSOLUTE
    fwlib\src\stm32f4xx_tim.c                0x00000000   Number         0  stm32f4xx_tim.o ABSOLUTE
    fwlib\src\stm32f4xx_usart.c              0x00000000   Number         0  stm32f4xx_usart.o ABSOLUTE
    fwlib\src\stm32f4xx_wwdg.c               0x00000000   Number         0  stm32f4xx_wwdg.o ABSOLUTE
    handlers.s                               0x00000000   Number         0  handlers.o ABSOLUTE
    init.s                                   0x00000000   Number         0  init.o ABSOLUTE
    user\\src\\11.c                          0x00000000   Number         0  11.o ABSOLUTE
    user\\src\\SG90.c                        0x00000000   Number         0  sg90.o ABSOLUTE
    user\\src\\adc.c                         0x00000000   Number         0  adc.o ABSOLUTE
    user\\src\\beep.c                        0x00000000   Number         0  beep.o ABSOLUTE
    user\\src\\delay.c                       0x00000000   Number         0  delay.o ABSOLUTE
    user\\src\\font.c                        0x00000000   Number         0  font.o ABSOLUTE
    user\\src\\iic.c                         0x00000000   Number         0  iic.o ABSOLUTE
    user\\src\\key.c                         0x00000000   Number         0  key.o ABSOLUTE
    user\\src\\lcd.c                         0x00000000   Number         0  lcd.o ABSOLUTE
    user\\src\\led.c                         0x00000000   Number         0  led.o ABSOLUTE
    user\\src\\main.c                        0x00000000   Number         0  main.o ABSOLUTE
    user\\src\\relay.c                       0x00000000   Number         0  relay.o ABSOLUTE
    user\\src\\rgb.c                         0x00000000   Number         0  rgb.o ABSOLUTE
    user\\src\\sht30.c                       0x00000000   Number         0  sht30.o ABSOLUTE
    user\\src\\usart1.c                      0x00000000   Number         0  usart1.o ABSOLUTE
    user\\src\\usart3.c                      0x00000000   Number         0  usart3.o ABSOLUTE
    user\src\11.c                            0x00000000   Number         0  11.o ABSOLUTE
    user\src\SG90.c                          0x00000000   Number         0  sg90.o ABSOLUTE
    user\src\adc.c                           0x00000000   Number         0  adc.o ABSOLUTE
    user\src\beep.c                          0x00000000   Number         0  beep.o ABSOLUTE
    user\src\delay.c                         0x00000000   Number         0  delay.o ABSOLUTE
    user\src\font.c                          0x00000000   Number         0  font.o ABSOLUTE
    user\src\iic.c                           0x00000000   Number         0  iic.o ABSOLUTE
    user\src\key.c                           0x00000000   Number         0  key.o ABSOLUTE
    user\src\lcd.c                           0x00000000   Number         0  lcd.o ABSOLUTE
    user\src\led.c                           0x00000000   Number         0  led.o ABSOLUTE
    user\src\main.c                          0x00000000   Number         0  main.o ABSOLUTE
    user\src\relay.c                         0x00000000   Number         0  relay.o ABSOLUTE
    user\src\rgb.c                           0x00000000   Number         0  rgb.o ABSOLUTE
    user\src\sht30.c                         0x00000000   Number         0  sht30.o ABSOLUTE
    user\src\usart1.c                        0x00000000   Number         0  usart1.o ABSOLUTE
    user\src\usart3.c                        0x00000000   Number         0  usart3.o ABSOLUTE
    RESET                                    0x08000000   Section      392  startup_stm32f40_41xxx.o(RESET)
    .ARM.Collect$$$$00000000                 0x08000188   Section        0  entry.o(.ARM.Collect$$$$00000000)
    .ARM.Collect$$$$00000001                 0x08000188   Section        4  entry2.o(.ARM.Collect$$$$00000001)
    .ARM.Collect$$$$00000004                 0x0800018c   Section        4  entry5.o(.ARM.Collect$$$$00000004)
    .ARM.Collect$$$$00000008                 0x08000190   Section        0  entry7b.o(.ARM.Collect$$$$00000008)
    .ARM.Collect$$$$0000000A                 0x08000190   Section        0  entry8b.o(.ARM.Collect$$$$0000000A)
    .ARM.Collect$$$$0000000B                 0x08000190   Section        8  entry9a.o(.ARM.Collect$$$$0000000B)
    .ARM.Collect$$$$0000000D                 0x08000198   Section        0  entry10a.o(.ARM.Collect$$$$0000000D)
    .ARM.Collect$$$$0000000F                 0x08000198   Section        0  entry11a.o(.ARM.Collect$$$$0000000F)
    .ARM.Collect$$$$00002712                 0x08000198   Section        4  entry2.o(.ARM.Collect$$$$00002712)
    __lit__00000000                          0x08000198   Data           4  entry2.o(.ARM.Collect$$$$00002712)
    .text                                    0x0800019c   Section       36  startup_stm32f40_41xxx.o(.text)
    $v0                                      0x0800019c   Number         0  startup_stm32f40_41xxx.o(.text)
    .text                                    0x080001c0   Section        0  memseta.o(.text)
    .text                                    0x080001e4   Section        0  uldiv.o(.text)
    .text                                    0x08000246   Section        0  llshl.o(.text)
    .text                                    0x08000264   Section       36  init.o(.text)
    .text                                    0x08000288   Section        0  llushr.o(.text)
    i.ADC_Cmd                                0x080002a8   Section        0  stm32f4xx_adc.o(i.ADC_Cmd)
    i.ADC_CommonInit                         0x080002c0   Section        0  stm32f4xx_adc.o(i.ADC_CommonInit)
    i.ADC_GetConversionValue                 0x080002f0   Section        0  stm32f4xx_adc.o(i.ADC_GetConversionValue)
    i.ADC_GetFlagStatus                      0x080002f8   Section        0  stm32f4xx_adc.o(i.ADC_GetFlagStatus)
    i.ADC_Init                               0x0800030c   Section        0  stm32f4xx_adc.o(i.ADC_Init)
    i.ADC_RegularChannelConfig               0x08000360   Section        0  stm32f4xx_adc.o(i.ADC_RegularChannelConfig)
    i.ADC_SoftwareStartConv                  0x08000418   Section        0  stm32f4xx_adc.o(i.ADC_SoftwareStartConv)
    i.Adc_Init                               0x08000424   Section        0  adc.o(i.Adc_Init)
    i.Beep_Init                              0x080004bc   Section        0  beep.o(i.Beep_Init)
    i.GPIO_Init                              0x0800050c   Section        0  stm32f4xx_gpio.o(i.GPIO_Init)
    i.GPIO_PinAFConfig                       0x0800059c   Section        0  stm32f4xx_gpio.o(i.GPIO_PinAFConfig)
    i.GPIO_ReadInputDataBit                  0x080005e2   Section        0  stm32f4xx_gpio.o(i.GPIO_ReadInputDataBit)
    i.GPIO_ResetBits                         0x080005f4   Section        0  stm32f4xx_gpio.o(i.GPIO_ResetBits)
    i.GPIO_SetBits                           0x080005f8   Section        0  stm32f4xx_gpio.o(i.GPIO_SetBits)
    i.Get_AdcValue                           0x080005fc   Section        0  adc.o(i.Get_AdcValue)
    i.Get_AverageValue                       0x0800062c   Section        0  adc.o(i.Get_AverageValue)
    i.Key_Init                               0x0800066c   Section        0  key.o(i.Key_Init)
    i.LCD_IO_init                            0x080006f4   Section        0  lcd.o(i.LCD_IO_init)
    i.LCD_Point                              0x0800075c   Section        0  lcd.o(i.LCD_Point)
    i.LCD_clear                              0x08000796   Section        0  lcd.o(i.LCD_clear)
    i.LCD_dis                                0x080007d8   Section        0  lcd.o(i.LCD_dis)
    i.LCD_dis_ch                             0x08000854   Section        0  lcd.o(i.LCD_dis_ch)
    i.LCD_dis_hz                             0x08000908   Section        0  lcd.o(i.LCD_dis_hz)
    i.LCD_dis_pic                            0x08000a18   Section        0  lcd.o(i.LCD_dis_pic)
    i.LCD_spi_byte                           0x08000a84   Section        0  lcd.o(i.LCD_spi_byte)
    i.Led_Init                               0x08000ad0   Section        0  led.o(i.Led_Init)
    i.NVIC_Init                              0x08000b54   Section        0  misc.o(i.NVIC_Init)
    i.NVIC_PriorityGroupConfig               0x08000bcc   Section        0  misc.o(i.NVIC_PriorityGroupConfig)
    i.RCC_AHB1PeriphClockCmd                 0x08000be0   Section        0  stm32f4xx_rcc.o(i.RCC_AHB1PeriphClockCmd)
    i.RCC_APB1PeriphClockCmd                 0x08000c00   Section        0  stm32f4xx_rcc.o(i.RCC_APB1PeriphClockCmd)
    i.RCC_APB2PeriphClockCmd                 0x08000c20   Section        0  stm32f4xx_rcc.o(i.RCC_APB2PeriphClockCmd)
    i.RCC_APB2PeriphResetCmd                 0x08000c40   Section        0  stm32f4xx_rcc.o(i.RCC_APB2PeriphResetCmd)
    i.RCC_GetClocksFreq                      0x08000c60   Section        0  stm32f4xx_rcc.o(i.RCC_GetClocksFreq)
    i.RGB_Reset                              0x08000d48   Section        0  rgb.o(i.RGB_Reset)
    i.Relay_Init                             0x08000d60   Section        0  relay.o(i.Relay_Init)
    i.Rgb_Init                               0x08000db0   Section        0  rgb.o(i.Rgb_Init)
    i.SetServoAngle                          0x08000e18   Section        0  sg90.o(i.SetServoAngle)
    i.SetSysClock                            0x08000e6c   Section        0  system_stm32f4xx.o(i.SetSysClock)
    SetSysClock                              0x08000e6d   Thumb Code   220  system_stm32f4xx.o(i.SetSysClock)
    i.Sht30_Init                             0x08000f58   Section        0  sht30.o(i.Sht30_Init)
    i.SteeringPwm_Init                       0x08000fa0   Section        0  sg90.o(i.SteeringPwm_Init)
    i.SysTick_Handler                        0x08001050   Section        0  main.o(i.SysTick_Handler)
    i.SystemInit                             0x08001144   Section        0  system_stm32f4xx.o(i.SystemInit)
    i.TIM_Cmd                                0x080011ac   Section        0  stm32f4xx_tim.o(i.TIM_Cmd)
    i.TIM_OC2Init                            0x080011c4   Section        0  stm32f4xx_tim.o(i.TIM_OC2Init)
    i.TIM_OC2PreloadConfig                   0x08001268   Section        0  stm32f4xx_tim.o(i.TIM_OC2PreloadConfig)
    i.TIM_SetCompare2                        0x08001282   Section        0  stm32f4xx_tim.o(i.TIM_SetCompare2)
    i.TIM_TimeBaseInit                       0x08001288   Section        0  stm32f4xx_tim.o(i.TIM_TimeBaseInit)
    i.USART1_IRQHandler                      0x0800130c   Section        0  usart1.o(i.USART1_IRQHandler)
    i.USART3_IRQHandler                      0x080013a0   Section        0  usart3.o(i.USART3_IRQHandler)
    i.USART_ClearITPendingBit                0x0800144c   Section        0  stm32f4xx_usart.o(i.USART_ClearITPendingBit)
    i.USART_Cmd                              0x0800146a   Section        0  stm32f4xx_usart.o(i.USART_Cmd)
    i.USART_GetFlagStatus                    0x08001482   Section        0  stm32f4xx_usart.o(i.USART_GetFlagStatus)
    i.USART_GetITStatus                      0x0800149c   Section        0  stm32f4xx_usart.o(i.USART_GetITStatus)
    i.USART_ITConfig                         0x080014f0   Section        0  stm32f4xx_usart.o(i.USART_ITConfig)
    i.USART_Init                             0x0800153c   Section        0  stm32f4xx_usart.o(i.USART_Init)
    i.USART_ReceiveData                      0x08001610   Section        0  stm32f4xx_usart.o(i.USART_ReceiveData)
    i.USART_SendData                         0x0800161a   Section        0  stm32f4xx_usart.o(i.USART_SendData)
    i.Usart1_Init                            0x08001624   Section        0  usart1.o(i.Usart1_Init)
    i.Usart3_Init                            0x08001774   Section        0  usart3.o(i.Usart3_Init)
    i.W2812_WriteByte                        0x0800183c   Section        0  rgb.o(i.W2812_WriteByte)
    i.W2812_WriteColorData                   0x080018ac   Section        0  rgb.o(i.W2812_WriteColorData)
    i.__0printf$8                            0x080018c8   Section        0  printf8.o(i.__0printf$8)
    i.__0sprintf$8                           0x080018e8   Section        0  printf8.o(i.__0sprintf$8)
    i.__scatterload_copy                     0x08001910   Section       14  handlers.o(i.__scatterload_copy)
    i.__scatterload_null                     0x0800191e   Section        2  handlers.o(i.__scatterload_null)
    i.__scatterload_zeroinit                 0x08001920   Section       14  handlers.o(i.__scatterload_zeroinit)
    i._printf_core                           0x08001930   Section        0  printf8.o(i._printf_core)
    _printf_core                             0x08001931   Thumb Code   996  printf8.o(i._printf_core)
    i._printf_post_padding                   0x08001d40   Section        0  printf8.o(i._printf_post_padding)
    _printf_post_padding                     0x08001d41   Thumb Code    36  printf8.o(i._printf_post_padding)
    i._printf_pre_padding                    0x08001d64   Section        0  printf8.o(i._printf_pre_padding)
    _printf_pre_padding                      0x08001d65   Thumb Code    46  printf8.o(i._printf_pre_padding)
    i._sputc                                 0x08001d92   Section        0  printf8.o(i._sputc)
    _sputc                                   0x08001d93   Thumb Code    10  printf8.o(i._sputc)
    i.check_sensors                          0x08001d9c   Section        0  main.o(i.check_sensors)
    i.delay_ms                               0x08001ea4   Section        0  delay.o(i.delay_ms)
    i.delay_us                               0x08001ebc   Section        0  delay.o(i.delay_us)
    i.fputc                                  0x0800201a   Section        0  usart1.o(i.fputc)
    i.key_scan                               0x0800202c   Section        0  key.o(i.key_scan)
    i.main                                   0x080020d4   Section        0  main.o(i.main)
    i.show_info_page                         0x0800226c   Section        0  main.o(i.show_info_page)
    i.show_rgb_page                          0x08002528   Section        0  main.o(i.show_rgb_page)
    i.show_sensor_page                       0x080026e4   Section        0  main.o(i.show_sensor_page)
    i.show_welcome_page                      0x080027a0   Section        0  main.o(i.show_welcome_page)
    i.st7789vm_init                          0x080027fc   Section        0  lcd.o(i.st7789vm_init)
    i.st7789vm_write_command                 0x08002988   Section        0  lcd.o(i.st7789vm_write_command)
    i.st7789vm_write_command_parameter       0x080029b4   Section        0  lcd.o(i.st7789vm_write_command_parameter)
    i.st7789vm_write_data                    0x080029e0   Section        0  lcd.o(i.st7789vm_write_data)
    i.update_rgb_color                       0x08002a14   Section        0  main.o(i.update_rgb_color)
    i.usart1_send_byte                       0x08002a48   Section        0  usart1.o(i.usart1_send_byte)
    .constdata                               0x08002a68   Section    11555  font.o(.constdata)
    .constdata                               0x0800578b   Section    57608  11.o(.constdata)
    .data                                    0x20000000   Section       12  main.o(.data)
    .data                                    0x2000000c   Section        1  key.o(.data)
    flag                                     0x2000000c   Data           1  key.o(.data)
    .data                                    0x2000000d   Section       16  stm32f4xx_rcc.o(.data)
    APBAHBPrescTable                         0x2000000d   Data          16  stm32f4xx_rcc.o(.data)
    .data                                    0x20000020   Section        4  stdout.o(.data)
    .bss                                     0x20000024   Section       10  main.o(.bss)
    .bss                                     0x2000002e   Section      514  usart1.o(.bss)
    .bss                                     0x20000230   Section       22  usart3.o(.bss)
    STACK                                    0x20000248   Section     1024  startup_stm32f40_41xxx.o(STACK)

    Global Symbols

    Symbol Name                              Value     Ov Type        Size  Object(Section)

    BuildAttributes$$THM_ISAv4$E$P$D$K$B$S$7EM$VFPi3$EXTD16$VFPS$VFMA$PE$A:L22UL41UL21$X:L11$S22US41US21$IEEE1$IW$USESV6$~STKCKD$USESV7$~SHL$OTIME$ROPI$EBA8$MICROLIB$REQ8$PRES8$EABIv2 0x00000000   Number         0  anon$$obj.o ABSOLUTE
    __ARM_use_no_argv                        0x00000000   Number         0  main.o ABSOLUTE
    _printf_a                                0x00000000   Number         0  stubs.o ABSOLUTE
    _printf_c                                0x00000000   Number         0  stubs.o ABSOLUTE
    _printf_charcount                        0x00000000   Number         0  stubs.o ABSOLUTE
    _printf_d                                0x00000000   Number         0  stubs.o ABSOLUTE
    _printf_e                                0x00000000   Number         0  stubs.o ABSOLUTE
    _printf_f                                0x00000000   Number         0  stubs.o ABSOLUTE
    _printf_flags                            0x00000000   Number         0  stubs.o ABSOLUTE
    _printf_fp_dec                           0x00000000   Number         0  stubs.o ABSOLUTE
    _printf_fp_hex                           0x00000000   Number         0  stubs.o ABSOLUTE
    _printf_g                                0x00000000   Number         0  stubs.o ABSOLUTE
    _printf_i                                0x00000000   Number         0  stubs.o ABSOLUTE
    _printf_int_dec                          0x00000000   Number         0  stubs.o ABSOLUTE
    _printf_l                                0x00000000   Number         0  stubs.o ABSOLUTE
    _printf_lc                               0x00000000   Number         0  stubs.o ABSOLUTE
    _printf_ll                               0x00000000   Number         0  stubs.o ABSOLUTE
    _printf_lld                              0x00000000   Number         0  stubs.o ABSOLUTE
    _printf_lli                              0x00000000   Number         0  stubs.o ABSOLUTE
    _printf_llo                              0x00000000   Number         0  stubs.o ABSOLUTE
    _printf_llu                              0x00000000   Number         0  stubs.o ABSOLUTE
    _printf_llx                              0x00000000   Number         0  stubs.o ABSOLUTE
    _printf_longlong_dec                     0x00000000   Number         0  stubs.o ABSOLUTE
    _printf_longlong_hex                     0x00000000   Number         0  stubs.o ABSOLUTE
    _printf_longlong_oct                     0x00000000   Number         0  stubs.o ABSOLUTE
    _printf_ls                               0x00000000   Number         0  stubs.o ABSOLUTE
    _printf_mbtowc                           0x00000000   Number         0  stubs.o ABSOLUTE
    _printf_n                                0x00000000   Number         0  stubs.o ABSOLUTE
    _printf_o                                0x00000000   Number         0  stubs.o ABSOLUTE
    _printf_p                                0x00000000   Number         0  stubs.o ABSOLUTE
    _printf_percent                          0x00000000   Number         0  stubs.o ABSOLUTE
    _printf_pre_padding                      0x00000000   Number         0  stubs.o ABSOLUTE
    _printf_return_value                     0x00000000   Number         0  stubs.o ABSOLUTE
    _printf_s                                0x00000000   Number         0  stubs.o ABSOLUTE
    _printf_sizespec                         0x00000000   Number         0  stubs.o ABSOLUTE
    _printf_str                              0x00000000   Number         0  stubs.o ABSOLUTE
    _printf_truncate_signed                  0x00000000   Number         0  stubs.o ABSOLUTE
    _printf_truncate_unsigned                0x00000000   Number         0  stubs.o ABSOLUTE
    _printf_u                                0x00000000   Number         0  stubs.o ABSOLUTE
    _printf_wc                               0x00000000   Number         0  stubs.o ABSOLUTE
    _printf_wctomb                           0x00000000   Number         0  stubs.o ABSOLUTE
    _printf_widthprec                        0x00000000   Number         0  stubs.o ABSOLUTE
    _printf_x                                0x00000000   Number         0  stubs.o ABSOLUTE
    __cpp_initialize__aeabi_                  - Undefined Weak Reference
    __cxa_finalize                            - Undefined Weak Reference
    __decompress                              - Undefined Weak Reference
    _clock_init                               - Undefined Weak Reference
    _microlib_exit                            - Undefined Weak Reference
    __Vectors_Size                           0x00000188   Number         0  startup_stm32f40_41xxx.o ABSOLUTE
    __Vectors                                0x08000000   Data           4  startup_stm32f40_41xxx.o(RESET)
    __Vectors_End                            0x08000188   Data           0  startup_stm32f40_41xxx.o(RESET)
    __main                                   0x08000189   Thumb Code     0  entry.o(.ARM.Collect$$$$00000000)
    _main_stk                                0x08000189   Thumb Code     0  entry2.o(.ARM.Collect$$$$00000001)
    _main_scatterload                        0x0800018d   Thumb Code     0  entry5.o(.ARM.Collect$$$$00000004)
    __main_after_scatterload                 0x08000191   Thumb Code     0  entry5.o(.ARM.Collect$$$$00000004)
    _main_clock                              0x08000191   Thumb Code     0  entry7b.o(.ARM.Collect$$$$00000008)
    _main_cpp_init                           0x08000191   Thumb Code     0  entry8b.o(.ARM.Collect$$$$0000000A)
    _main_init                               0x08000191   Thumb Code     0  entry9a.o(.ARM.Collect$$$$0000000B)
    __rt_final_cpp                           0x08000199   Thumb Code     0  entry10a.o(.ARM.Collect$$$$0000000D)
    __rt_final_exit                          0x08000199   Thumb Code     0  entry11a.o(.ARM.Collect$$$$0000000F)
    Reset_Handler                            0x0800019d   Thumb Code     8  startup_stm32f40_41xxx.o(.text)
    NMI_Handler                              0x080001a5   Thumb Code     2  startup_stm32f40_41xxx.o(.text)
    HardFault_Handler                        0x080001a7   Thumb Code     2  startup_stm32f40_41xxx.o(.text)
    MemManage_Handler                        0x080001a9   Thumb Code     2  startup_stm32f40_41xxx.o(.text)
    BusFault_Handler                         0x080001ab   Thumb Code     2  startup_stm32f40_41xxx.o(.text)
    UsageFault_Handler                       0x080001ad   Thumb Code     2  startup_stm32f40_41xxx.o(.text)
    SVC_Handler                              0x080001af   Thumb Code     2  startup_stm32f40_41xxx.o(.text)
    DebugMon_Handler                         0x080001b1   Thumb Code     2  startup_stm32f40_41xxx.o(.text)
    PendSV_Handler                           0x080001b3   Thumb Code     2  startup_stm32f40_41xxx.o(.text)
    ADC_IRQHandler                           0x080001b7   Thumb Code     0  startup_stm32f40_41xxx.o(.text)
    CAN1_RX0_IRQHandler                      0x080001b7   Thumb Code     0  startup_stm32f40_41xxx.o(.text)
    CAN1_RX1_IRQHandler                      0x080001b7   Thumb Code     0  startup_stm32f40_41xxx.o(.text)
    CAN1_SCE_IRQHandler                      0x080001b7   Thumb Code     0  startup_stm32f40_41xxx.o(.text)
    CAN1_TX_IRQHandler                       0x080001b7   Thumb Code     0  startup_stm32f40_41xxx.o(.text)
    CAN2_RX0_IRQHandler                      0x080001b7   Thumb Code     0  startup_stm32f40_41xxx.o(.text)
    CAN2_RX1_IRQHandler                      0x080001b7   Thumb Code     0  startup_stm32f40_41xxx.o(.text)
    CAN2_SCE_IRQHandler                      0x080001b7   Thumb Code     0  startup_stm32f40_41xxx.o(.text)
    CAN2_TX_IRQHandler                       0x080001b7   Thumb Code     0  startup_stm32f40_41xxx.o(.text)
    CRYP_IRQHandler                          0x080001b7   Thumb Code     0  startup_stm32f40_41xxx.o(.text)
    DCMI_IRQHandler                          0x080001b7   Thumb Code     0  startup_stm32f40_41xxx.o(.text)
    DMA1_Stream0_IRQHandler                  0x080001b7   Thumb Code     0  startup_stm32f40_41xxx.o(.text)
    DMA1_Stream1_IRQHandler                  0x080001b7   Thumb Code     0  startup_stm32f40_41xxx.o(.text)
    DMA1_Stream2_IRQHandler                  0x080001b7   Thumb Code     0  startup_stm32f40_41xxx.o(.text)
    DMA1_Stream3_IRQHandler                  0x080001b7   Thumb Code     0  startup_stm32f40_41xxx.o(.text)
    DMA1_Stream4_IRQHandler                  0x080001b7   Thumb Code     0  startup_stm32f40_41xxx.o(.text)
    DMA1_Stream5_IRQHandler                  0x080001b7   Thumb Code     0  startup_stm32f40_41xxx.o(.text)
    DMA1_Stream6_IRQHandler                  0x080001b7   Thumb Code     0  startup_stm32f40_41xxx.o(.text)
    DMA1_Stream7_IRQHandler                  0x080001b7   Thumb Code     0  startup_stm32f40_41xxx.o(.text)
    DMA2_Stream0_IRQHandler                  0x080001b7   Thumb Code     0  startup_stm32f40_41xxx.o(.text)
    DMA2_Stream1_IRQHandler                  0x080001b7   Thumb Code     0  startup_stm32f40_41xxx.o(.text)
    DMA2_Stream2_IRQHandler                  0x080001b7   Thumb Code     0  startup_stm32f40_41xxx.o(.text)
    DMA2_Stream3_IRQHandler                  0x080001b7   Thumb Code     0  startup_stm32f40_41xxx.o(.text)
    DMA2_Stream4_IRQHandler                  0x080001b7   Thumb Code     0  startup_stm32f40_41xxx.o(.text)
    DMA2_Stream5_IRQHandler                  0x080001b7   Thumb Code     0  startup_stm32f40_41xxx.o(.text)
    DMA2_Stream6_IRQHandler                  0x080001b7   Thumb Code     0  startup_stm32f40_41xxx.o(.text)
    DMA2_Stream7_IRQHandler                  0x080001b7   Thumb Code     0  startup_stm32f40_41xxx.o(.text)
    ETH_IRQHandler                           0x080001b7   Thumb Code     0  startup_stm32f40_41xxx.o(.text)
    ETH_WKUP_IRQHandler                      0x080001b7   Thumb Code     0  startup_stm32f40_41xxx.o(.text)
    EXTI0_IRQHandler                         0x080001b7   Thumb Code     0  startup_stm32f40_41xxx.o(.text)
    EXTI15_10_IRQHandler                     0x080001b7   Thumb Code     0  startup_stm32f40_41xxx.o(.text)
    EXTI1_IRQHandler                         0x080001b7   Thumb Code     0  startup_stm32f40_41xxx.o(.text)
    EXTI2_IRQHandler                         0x080001b7   Thumb Code     0  startup_stm32f40_41xxx.o(.text)
    EXTI3_IRQHandler                         0x080001b7   Thumb Code     0  startup_stm32f40_41xxx.o(.text)
    EXTI4_IRQHandler                         0x080001b7   Thumb Code     0  startup_stm32f40_41xxx.o(.text)
    EXTI9_5_IRQHandler                       0x080001b7   Thumb Code     0  startup_stm32f40_41xxx.o(.text)
    FLASH_IRQHandler                         0x080001b7   Thumb Code     0  startup_stm32f40_41xxx.o(.text)
    FPU_IRQHandler                           0x080001b7   Thumb Code     0  startup_stm32f40_41xxx.o(.text)
    FSMC_IRQHandler                          0x080001b7   Thumb Code     0  startup_stm32f40_41xxx.o(.text)
    HASH_RNG_IRQHandler                      0x080001b7   Thumb Code     0  startup_stm32f40_41xxx.o(.text)
    I2C1_ER_IRQHandler                       0x080001b7   Thumb Code     0  startup_stm32f40_41xxx.o(.text)
    I2C1_EV_IRQHandler                       0x080001b7   Thumb Code     0  startup_stm32f40_41xxx.o(.text)
    I2C2_ER_IRQHandler                       0x080001b7   Thumb Code     0  startup_stm32f40_41xxx.o(.text)
    I2C2_EV_IRQHandler                       0x080001b7   Thumb Code     0  startup_stm32f40_41xxx.o(.text)
    I2C3_ER_IRQHandler                       0x080001b7   Thumb Code     0  startup_stm32f40_41xxx.o(.text)
    I2C3_EV_IRQHandler                       0x080001b7   Thumb Code     0  startup_stm32f40_41xxx.o(.text)
    OTG_FS_IRQHandler                        0x080001b7   Thumb Code     0  startup_stm32f40_41xxx.o(.text)
    OTG_FS_WKUP_IRQHandler                   0x080001b7   Thumb Code     0  startup_stm32f40_41xxx.o(.text)
    OTG_HS_EP1_IN_IRQHandler                 0x080001b7   Thumb Code     0  startup_stm32f40_41xxx.o(.text)
    OTG_HS_EP1_OUT_IRQHandler                0x080001b7   Thumb Code     0  startup_stm32f40_41xxx.o(.text)
    OTG_HS_IRQHandler                        0x080001b7   Thumb Code     0  startup_stm32f40_41xxx.o(.text)
    OTG_HS_WKUP_IRQHandler                   0x080001b7   Thumb Code     0  startup_stm32f40_41xxx.o(.text)
    PVD_IRQHandler                           0x080001b7   Thumb Code     0  startup_stm32f40_41xxx.o(.text)
    RCC_IRQHandler                           0x080001b7   Thumb Code     0  startup_stm32f40_41xxx.o(.text)
    RTC_Alarm_IRQHandler                     0x080001b7   Thumb Code     0  startup_stm32f40_41xxx.o(.text)
    RTC_WKUP_IRQHandler                      0x080001b7   Thumb Code     0  startup_stm32f40_41xxx.o(.text)
    SDIO_IRQHandler                          0x080001b7   Thumb Code     0  startup_stm32f40_41xxx.o(.text)
    SPI1_IRQHandler                          0x080001b7   Thumb Code     0  startup_stm32f40_41xxx.o(.text)
    SPI2_IRQHandler                          0x080001b7   Thumb Code     0  startup_stm32f40_41xxx.o(.text)
    SPI3_IRQHandler                          0x080001b7   Thumb Code     0  startup_stm32f40_41xxx.o(.text)
    TAMP_STAMP_IRQHandler                    0x080001b7   Thumb Code     0  startup_stm32f40_41xxx.o(.text)
    TIM1_BRK_TIM9_IRQHandler                 0x080001b7   Thumb Code     0  startup_stm32f40_41xxx.o(.text)
    TIM1_CC_IRQHandler                       0x080001b7   Thumb Code     0  startup_stm32f40_41xxx.o(.text)
    TIM1_TRG_COM_TIM11_IRQHandler            0x080001b7   Thumb Code     0  startup_stm32f40_41xxx.o(.text)
    TIM1_UP_TIM10_IRQHandler                 0x080001b7   Thumb Code     0  startup_stm32f40_41xxx.o(.text)
    TIM2_IRQHandler                          0x080001b7   Thumb Code     0  startup_stm32f40_41xxx.o(.text)
    TIM3_IRQHandler                          0x080001b7   Thumb Code     0  startup_stm32f40_41xxx.o(.text)
    TIM4_IRQHandler                          0x080001b7   Thumb Code     0  startup_stm32f40_41xxx.o(.text)
    TIM5_IRQHandler                          0x080001b7   Thumb Code     0  startup_stm32f40_41xxx.o(.text)
    TIM6_DAC_IRQHandler                      0x080001b7   Thumb Code     0  startup_stm32f40_41xxx.o(.text)
    TIM7_IRQHandler                          0x080001b7   Thumb Code     0  startup_stm32f40_41xxx.o(.text)
    TIM8_BRK_TIM12_IRQHandler                0x080001b7   Thumb Code     0  startup_stm32f40_41xxx.o(.text)
    TIM8_CC_IRQHandler                       0x080001b7   Thumb Code     0  startup_stm32f40_41xxx.o(.text)
    TIM8_TRG_COM_TIM14_IRQHandler            0x080001b7   Thumb Code     0  startup_stm32f40_41xxx.o(.text)
    TIM8_UP_TIM13_IRQHandler                 0x080001b7   Thumb Code     0  startup_stm32f40_41xxx.o(.text)
    UART4_IRQHandler                         0x080001b7   Thumb Code     0  startup_stm32f40_41xxx.o(.text)
    UART5_IRQHandler                         0x080001b7   Thumb Code     0  startup_stm32f40_41xxx.o(.text)
    USART2_IRQHandler                        0x080001b7   Thumb Code     0  startup_stm32f40_41xxx.o(.text)
    USART6_IRQHandler                        0x080001b7   Thumb Code     0  startup_stm32f40_41xxx.o(.text)
    WWDG_IRQHandler                          0x080001b7   Thumb Code     0  startup_stm32f40_41xxx.o(.text)
    __aeabi_memset                           0x080001c1   Thumb Code    14  memseta.o(.text)
    __aeabi_memset4                          0x080001c1   Thumb Code     0  memseta.o(.text)
    __aeabi_memset8                          0x080001c1   Thumb Code     0  memseta.o(.text)
    __aeabi_memclr                           0x080001cf   Thumb Code     4  memseta.o(.text)
    __aeabi_memclr4                          0x080001cf   Thumb Code     0  memseta.o(.text)
    __aeabi_memclr8                          0x080001cf   Thumb Code     0  memseta.o(.text)
    _memset$wrapper                          0x080001d3   Thumb Code    18  memseta.o(.text)
    __aeabi_uldivmod                         0x080001e5   Thumb Code    98  uldiv.o(.text)
    __aeabi_llsl                             0x08000247   Thumb Code    30  llshl.o(.text)
    _ll_shift_l                              0x08000247   Thumb Code     0  llshl.o(.text)
    __scatterload                            0x08000265   Thumb Code    28  init.o(.text)
    __scatterload_rt2                        0x08000265   Thumb Code     0  init.o(.text)
    __aeabi_llsr                             0x08000289   Thumb Code    32  llushr.o(.text)
    _ll_ushift_r                             0x08000289   Thumb Code     0  llushr.o(.text)
    ADC_Cmd                                  0x080002a9   Thumb Code    22  stm32f4xx_adc.o(i.ADC_Cmd)
    ADC_CommonInit                           0x080002c1   Thumb Code    34  stm32f4xx_adc.o(i.ADC_CommonInit)
    ADC_GetConversionValue                   0x080002f1   Thumb Code     8  stm32f4xx_adc.o(i.ADC_GetConversionValue)
    ADC_GetFlagStatus                        0x080002f9   Thumb Code    18  stm32f4xx_adc.o(i.ADC_GetFlagStatus)
    ADC_Init                                 0x0800030d   Thumb Code    74  stm32f4xx_adc.o(i.ADC_Init)
    ADC_RegularChannelConfig                 0x08000361   Thumb Code   184  stm32f4xx_adc.o(i.ADC_RegularChannelConfig)
    ADC_SoftwareStartConv                    0x08000419   Thumb Code    10  stm32f4xx_adc.o(i.ADC_SoftwareStartConv)
    Adc_Init                                 0x08000425   Thumb Code   144  adc.o(i.Adc_Init)
    Beep_Init                                0x080004bd   Thumb Code    76  beep.o(i.Beep_Init)
    GPIO_Init                                0x0800050d   Thumb Code   144  stm32f4xx_gpio.o(i.GPIO_Init)
    GPIO_PinAFConfig                         0x0800059d   Thumb Code    70  stm32f4xx_gpio.o(i.GPIO_PinAFConfig)
    GPIO_ReadInputDataBit                    0x080005e3   Thumb Code    18  stm32f4xx_gpio.o(i.GPIO_ReadInputDataBit)
    GPIO_ResetBits                           0x080005f5   Thumb Code     4  stm32f4xx_gpio.o(i.GPIO_ResetBits)
    GPIO_SetBits                             0x080005f9   Thumb Code     4  stm32f4xx_gpio.o(i.GPIO_SetBits)
    Get_AdcValue                             0x080005fd   Thumb Code    44  adc.o(i.Get_AdcValue)
    Get_AverageValue                         0x0800062d   Thumb Code    48  adc.o(i.Get_AverageValue)
    Key_Init                                 0x0800066d   Thumb Code   124  key.o(i.Key_Init)
    LCD_IO_init                              0x080006f5   Thumb Code    92  lcd.o(i.LCD_IO_init)
    LCD_Point                                0x0800075d   Thumb Code    58  lcd.o(i.LCD_Point)
    LCD_clear                                0x08000797   Thumb Code    66  lcd.o(i.LCD_clear)
    LCD_dis                                  0x080007d9   Thumb Code   124  lcd.o(i.LCD_dis)
    LCD_dis_ch                               0x08000855   Thumb Code   170  lcd.o(i.LCD_dis_ch)
    LCD_dis_hz                               0x08000909   Thumb Code   260  lcd.o(i.LCD_dis_hz)
    LCD_dis_pic                              0x08000a19   Thumb Code   106  lcd.o(i.LCD_dis_pic)
    LCD_spi_byte                             0x08000a85   Thumb Code    72  lcd.o(i.LCD_spi_byte)
    Led_Init                                 0x08000ad1   Thumb Code   122  led.o(i.Led_Init)
    NVIC_Init                                0x08000b55   Thumb Code   106  misc.o(i.NVIC_Init)
    NVIC_PriorityGroupConfig                 0x08000bcd   Thumb Code    10  misc.o(i.NVIC_PriorityGroupConfig)
    RCC_AHB1PeriphClockCmd                   0x08000be1   Thumb Code    26  stm32f4xx_rcc.o(i.RCC_AHB1PeriphClockCmd)
    RCC_APB1PeriphClockCmd                   0x08000c01   Thumb Code    26  stm32f4xx_rcc.o(i.RCC_APB1PeriphClockCmd)
    RCC_APB2PeriphClockCmd                   0x08000c21   Thumb Code    26  stm32f4xx_rcc.o(i.RCC_APB2PeriphClockCmd)
    RCC_APB2PeriphResetCmd                   0x08000c41   Thumb Code    26  stm32f4xx_rcc.o(i.RCC_APB2PeriphResetCmd)
    RCC_GetClocksFreq                        0x08000c61   Thumb Code   214  stm32f4xx_rcc.o(i.RCC_GetClocksFreq)
    RGB_Reset                                0x08000d49   Thumb Code    20  rgb.o(i.RGB_Reset)
    Relay_Init                               0x08000d61   Thumb Code    76  relay.o(i.Relay_Init)
    Rgb_Init                                 0x08000db1   Thumb Code   100  rgb.o(i.Rgb_Init)
    SetServoAngle                            0x08000e19   Thumb Code    84  sg90.o(i.SetServoAngle)
    Sht30_Init                               0x08000f59   Thumb Code    66  sht30.o(i.Sht30_Init)
    SteeringPwm_Init                         0x08000fa1   Thumb Code   172  sg90.o(i.SteeringPwm_Init)
    SysTick_Handler                          0x08001051   Thumb Code   204  main.o(i.SysTick_Handler)
    SystemInit                               0x08001145   Thumb Code    88  system_stm32f4xx.o(i.SystemInit)
    TIM_Cmd                                  0x080011ad   Thumb Code    24  stm32f4xx_tim.o(i.TIM_Cmd)
    TIM_OC2Init                              0x080011c5   Thumb Code   154  stm32f4xx_tim.o(i.TIM_OC2Init)
    TIM_OC2PreloadConfig                     0x08001269   Thumb Code    26  stm32f4xx_tim.o(i.TIM_OC2PreloadConfig)
    TIM_SetCompare2                          0x08001283   Thumb Code     4  stm32f4xx_tim.o(i.TIM_SetCompare2)
    TIM_TimeBaseInit                         0x08001289   Thumb Code   104  stm32f4xx_tim.o(i.TIM_TimeBaseInit)
    USART1_IRQHandler                        0x0800130d   Thumb Code   110  usart1.o(i.USART1_IRQHandler)
    USART3_IRQHandler                        0x080013a1   Thumb Code   128  usart3.o(i.USART3_IRQHandler)
    USART_ClearITPendingBit                  0x0800144d   Thumb Code    30  stm32f4xx_usart.o(i.USART_ClearITPendingBit)
    USART_Cmd                                0x0800146b   Thumb Code    24  stm32f4xx_usart.o(i.USART_Cmd)
    USART_GetFlagStatus                      0x08001483   Thumb Code    26  stm32f4xx_usart.o(i.USART_GetFlagStatus)
    USART_GetITStatus                        0x0800149d   Thumb Code    84  stm32f4xx_usart.o(i.USART_GetITStatus)
    USART_ITConfig                           0x080014f1   Thumb Code    74  stm32f4xx_usart.o(i.USART_ITConfig)
    USART_Init                               0x0800153d   Thumb Code   204  stm32f4xx_usart.o(i.USART_Init)
    USART_ReceiveData                        0x08001611   Thumb Code    10  stm32f4xx_usart.o(i.USART_ReceiveData)
    USART_SendData                           0x0800161b   Thumb Code     8  stm32f4xx_usart.o(i.USART_SendData)
    Usart1_Init                              0x08001625   Thumb Code   318  usart1.o(i.Usart1_Init)
    Usart3_Init                              0x08001775   Thumb Code   190  usart3.o(i.Usart3_Init)
    W2812_WriteByte                          0x0800183d   Thumb Code   106  rgb.o(i.W2812_WriteByte)
    W2812_WriteColorData                     0x080018ad   Thumb Code    28  rgb.o(i.W2812_WriteColorData)
    __0printf$8                              0x080018c9   Thumb Code    22  printf8.o(i.__0printf$8)
    __1printf$8                              0x080018c9   Thumb Code     0  printf8.o(i.__0printf$8)
    __2printf                                0x080018c9   Thumb Code     0  printf8.o(i.__0printf$8)
    __0sprintf$8                             0x080018e9   Thumb Code    34  printf8.o(i.__0sprintf$8)
    __1sprintf$8                             0x080018e9   Thumb Code     0  printf8.o(i.__0sprintf$8)
    __2sprintf                               0x080018e9   Thumb Code     0  printf8.o(i.__0sprintf$8)
    __scatterload_copy                       0x08001911   Thumb Code    14  handlers.o(i.__scatterload_copy)
    __scatterload_null                       0x0800191f   Thumb Code     2  handlers.o(i.__scatterload_null)
    __scatterload_zeroinit                   0x08001921   Thumb Code    14  handlers.o(i.__scatterload_zeroinit)
    check_sensors                            0x08001d9d   Thumb Code   226  main.o(i.check_sensors)
    delay_ms                                 0x08001ea5   Thumb Code    24  delay.o(i.delay_ms)
    delay_us                                 0x08001ebd   Thumb Code   350  delay.o(i.delay_us)
    fputc                                    0x0800201b   Thumb Code    16  usart1.o(i.fputc)
    key_scan                                 0x0800202d   Thumb Code   152  key.o(i.key_scan)
    main                                     0x080020d5   Thumb Code   378  main.o(i.main)
    show_info_page                           0x0800226d   Thumb Code   620  main.o(i.show_info_page)
    show_rgb_page                            0x08002529   Thumb Code   392  main.o(i.show_rgb_page)
    show_sensor_page                         0x080026e5   Thumb Code   168  main.o(i.show_sensor_page)
    show_welcome_page                        0x080027a1   Thumb Code    78  main.o(i.show_welcome_page)
    st7789vm_init                            0x080027fd   Thumb Code   392  lcd.o(i.st7789vm_init)
    st7789vm_write_command                   0x08002989   Thumb Code    36  lcd.o(i.st7789vm_write_command)
    st7789vm_write_command_parameter         0x080029b5   Thumb Code    36  lcd.o(i.st7789vm_write_command_parameter)
    st7789vm_write_data                      0x080029e1   Thumb Code    42  lcd.o(i.st7789vm_write_data)
    update_rgb_color                         0x08002a15   Thumb Code    50  main.o(i.update_rgb_color)
    usart1_send_byte                         0x08002a49   Thumb Code    28  usart1.o(i.usart1_send_byte)
    table                                    0x08002a68   Data          83  font.o(.constdata)
    hz16                                     0x08002abb   Data        1312  font.o(.constdata)
    hz32                                     0x08002fdb   Data        2560  font.o(.constdata)
    ASC16                                    0x080039db   Data        1520  font.o(.constdata)
    ASC32                                    0x08003fcb   Data        6080  font.o(.constdata)
    gImage_vitality                          0x0800578b   Data       57608  11.o(.constdata)
    Region$$Table$$Base                      0x08013894   Number         0  anon$$obj.o(Region$$Table)
    Region$$Table$$Limit                     0x080138b4   Number         0  anon$$obj.o(Region$$Table)
    current_page                             0x20000000   Data           1  main.o(.data)
    servo_angle                              0x20000001   Data           1  main.o(.data)
    light_value                              0x20000004   Data           4  main.o(.data)
    flame_value                              0x20000008   Data           4  main.o(.data)
    __stdout                                 0x20000020   Data           4  stdout.o(.data)
    time_cnt                                 0x20000024   Data          10  main.o(.bss)
    rec_buf                                  0x2000002e   Data         514  usart1.o(.bss)
    u3_rec_buf                               0x20000230   Data          22  usart3.o(.bss)
    __initial_sp                             0x20000648   Data           0  startup_stm32f40_41xxx.o(STACK)



==============================================================================

Memory Map of the image

  Image Entry point : 0x08000189

  Load Region LR_IROM1 (Base: 0x08000000, Size: 0x000138d8, Max: 0x00100000, ABSOLUTE)

    Execution Region ER_IROM1 (Base: 0x08000000, Size: 0x000138b4, Max: 0x00100000, ABSOLUTE)

    Base Addr    Size         Type   Attr      Idx    E Section Name        Object

    0x08000000   0x00000188   Data   RO          143    RESET               startup_stm32f40_41xxx.o
    0x08000188   0x00000000   Code   RO         5439  * .ARM.Collect$$$$00000000  mc_w.l(entry.o)
    0x08000188   0x00000004   Code   RO         5715    .ARM.Collect$$$$00000001  mc_w.l(entry2.o)
    0x0800018c   0x00000004   Code   RO         5718    .ARM.Collect$$$$00000004  mc_w.l(entry5.o)
    0x08000190   0x00000000   Code   RO         5720    .ARM.Collect$$$$00000008  mc_w.l(entry7b.o)
    0x08000190   0x00000000   Code   RO         5722    .ARM.Collect$$$$0000000A  mc_w.l(entry8b.o)
    0x08000190   0x00000008   Code   RO         5723    .ARM.Collect$$$$0000000B  mc_w.l(entry9a.o)
    0x08000198   0x00000000   Code   RO         5725    .ARM.Collect$$$$0000000D  mc_w.l(entry10a.o)
    0x08000198   0x00000000   Code   RO         5727    .ARM.Collect$$$$0000000F  mc_w.l(entry11a.o)
    0x08000198   0x00000004   Code   RO         5716    .ARM.Collect$$$$00002712  mc_w.l(entry2.o)
    0x0800019c   0x00000024   Code   RO          144    .text               startup_stm32f40_41xxx.o
    0x080001c0   0x00000024   Code   RO         5442    .text               mc_w.l(memseta.o)
    0x080001e4   0x00000062   Code   RO         5732    .text               mc_w.l(uldiv.o)
    0x08000246   0x0000001e   Code   RO         5734    .text               mc_w.l(llshl.o)
    0x08000264   0x00000024   Code   RO         5747    .text               mc_w.l(init.o)
    0x08000288   0x00000020   Code   RO         5749    .text               mc_w.l(llushr.o)
    0x080002a8   0x00000016   Code   RO          892    i.ADC_Cmd           stm32f4xx_adc.o
    0x080002be   0x00000002   PAD
    0x080002c0   0x00000030   Code   RO          893    i.ADC_CommonInit    stm32f4xx_adc.o
    0x080002f0   0x00000008   Code   RO          904    i.ADC_GetConversionValue  stm32f4xx_adc.o
    0x080002f8   0x00000012   Code   RO          905    i.ADC_GetFlagStatus  stm32f4xx_adc.o
    0x0800030a   0x00000002   PAD
    0x0800030c   0x00000054   Code   RO          912    i.ADC_Init          stm32f4xx_adc.o
    0x08000360   0x000000b8   Code   RO          917    i.ADC_RegularChannelConfig  stm32f4xx_adc.o
    0x08000418   0x0000000a   Code   RO          919    i.ADC_SoftwareStartConv  stm32f4xx_adc.o
    0x08000422   0x00000002   PAD
    0x08000424   0x00000098   Code   RO          810    i.Adc_Init          adc.o
    0x080004bc   0x00000050   Code   RO          326    i.Beep_Init         beep.o
    0x0800050c   0x00000090   Code   RO         2434    i.GPIO_Init         stm32f4xx_gpio.o
    0x0800059c   0x00000046   Code   RO         2435    i.GPIO_PinAFConfig  stm32f4xx_gpio.o
    0x080005e2   0x00000012   Code   RO         2438    i.GPIO_ReadInputDataBit  stm32f4xx_gpio.o
    0x080005f4   0x00000004   Code   RO         2441    i.GPIO_ResetBits    stm32f4xx_gpio.o
    0x080005f8   0x00000004   Code   RO         2442    i.GPIO_SetBits      stm32f4xx_gpio.o
    0x080005fc   0x00000030   Code   RO          811    i.Get_AdcValue      adc.o
    0x0800062c   0x00000040   Code   RO          812    i.Get_AverageValue  adc.o
    0x0800066c   0x00000088   Code   RO          392    i.Key_Init          key.o
    0x080006f4   0x00000068   Code   RO          517    i.LCD_IO_init       lcd.o
    0x0800075c   0x0000003a   Code   RO          518    i.LCD_Point         lcd.o
    0x08000796   0x00000042   Code   RO          519    i.LCD_clear         lcd.o
    0x080007d8   0x0000007c   Code   RO          520    i.LCD_dis           lcd.o
    0x08000854   0x000000b4   Code   RO          521    i.LCD_dis_ch        lcd.o
    0x08000908   0x00000110   Code   RO          524    i.LCD_dis_hz        lcd.o
    0x08000a18   0x0000006a   Code   RO          525    i.LCD_dis_pic       lcd.o
    0x08000a82   0x00000002   PAD
    0x08000a84   0x0000004c   Code   RO          526    i.LCD_spi_byte      lcd.o
    0x08000ad0   0x00000084   Code   RO          302    i.Led_Init          led.o
    0x08000b54   0x00000078   Code   RO          842    i.NVIC_Init         misc.o
    0x08000bcc   0x00000014   Code   RO          843    i.NVIC_PriorityGroupConfig  misc.o
    0x08000be0   0x00000020   Code   RO         3298    i.RCC_AHB1PeriphClockCmd  stm32f4xx_rcc.o
    0x08000c00   0x00000020   Code   RO         3307    i.RCC_APB1PeriphClockCmd  stm32f4xx_rcc.o
    0x08000c20   0x00000020   Code   RO         3310    i.RCC_APB2PeriphClockCmd  stm32f4xx_rcc.o
    0x08000c40   0x00000020   Code   RO         3312    i.RCC_APB2PeriphResetCmd  stm32f4xx_rcc.o
    0x08000c60   0x000000e8   Code   RO         3319    i.RCC_GetClocksFreq  stm32f4xx_rcc.o
    0x08000d48   0x00000018   Code   RO          479    i.RGB_Reset         rgb.o
    0x08000d60   0x00000050   Code   RO          346    i.Relay_Init        relay.o
    0x08000db0   0x00000068   Code   RO          480    i.Rgb_Init          rgb.o
    0x08000e18   0x00000054   Code   RO          784    i.SetServoAngle     sg90.o
    0x08000e6c   0x000000ec   Code   RO            3    i.SetSysClock       system_stm32f4xx.o
    0x08000f58   0x00000048   Code   RO          708    i.Sht30_Init        sht30.o
    0x08000fa0   0x000000b0   Code   RO          785    i.SteeringPwm_Init  sg90.o
    0x08001050   0x000000f4   Code   RO          150    i.SysTick_Handler   main.o
    0x08001144   0x00000068   Code   RO            5    i.SystemInit        system_stm32f4xx.o
    0x080011ac   0x00000018   Code   RO         4645    i.TIM_Cmd           stm32f4xx_tim.o
    0x080011c4   0x000000a4   Code   RO         4679    i.TIM_OC2Init       stm32f4xx_tim.o
    0x08001268   0x0000001a   Code   RO         4682    i.TIM_OC2PreloadConfig  stm32f4xx_tim.o
    0x08001282   0x00000004   Code   RO         4708    i.TIM_SetCompare2   stm32f4xx_tim.o
    0x08001286   0x00000002   PAD
    0x08001288   0x00000084   Code   RO         4717    i.TIM_TimeBaseInit  stm32f4xx_tim.o
    0x0800130c   0x00000094   Code   RO          419    i.USART1_IRQHandler  usart1.o
    0x080013a0   0x000000ac   Code   RO          740    i.USART3_IRQHandler  usart3.o
    0x0800144c   0x0000001e   Code   RO         5192    i.USART_ClearITPendingBit  stm32f4xx_usart.o
    0x0800146a   0x00000018   Code   RO         5195    i.USART_Cmd         stm32f4xx_usart.o
    0x08001482   0x0000001a   Code   RO         5198    i.USART_GetFlagStatus  stm32f4xx_usart.o
    0x0800149c   0x00000054   Code   RO         5199    i.USART_GetITStatus  stm32f4xx_usart.o
    0x080014f0   0x0000004a   Code   RO         5201    i.USART_ITConfig    stm32f4xx_usart.o
    0x0800153a   0x00000002   PAD
    0x0800153c   0x000000d4   Code   RO         5202    i.USART_Init        stm32f4xx_usart.o
    0x08001610   0x0000000a   Code   RO         5209    i.USART_ReceiveData  stm32f4xx_usart.o
    0x0800161a   0x00000008   Code   RO         5212    i.USART_SendData    stm32f4xx_usart.o
    0x08001622   0x00000002   PAD
    0x08001624   0x00000150   Code   RO          420    i.Usart1_Init       usart1.o
    0x08001774   0x000000c8   Code   RO          741    i.Usart3_Init       usart3.o
    0x0800183c   0x00000070   Code   RO          481    i.W2812_WriteByte   rgb.o
    0x080018ac   0x0000001c   Code   RO          482    i.W2812_WriteColorData  rgb.o
    0x080018c8   0x00000020   Code   RO         5651    i.__0printf$8       mc_w.l(printf8.o)
    0x080018e8   0x00000028   Code   RO         5653    i.__0sprintf$8      mc_w.l(printf8.o)
    0x08001910   0x0000000e   Code   RO         5753    i.__scatterload_copy  mc_w.l(handlers.o)
    0x0800191e   0x00000002   Code   RO         5754    i.__scatterload_null  mc_w.l(handlers.o)
    0x08001920   0x0000000e   Code   RO         5755    i.__scatterload_zeroinit  mc_w.l(handlers.o)
    0x0800192e   0x00000002   PAD
    0x08001930   0x00000410   Code   RO         5658    i._printf_core      mc_w.l(printf8.o)
    0x08001d40   0x00000024   Code   RO         5659    i._printf_post_padding  mc_w.l(printf8.o)
    0x08001d64   0x0000002e   Code   RO         5660    i._printf_pre_padding  mc_w.l(printf8.o)
    0x08001d92   0x0000000a   Code   RO         5662    i._sputc            mc_w.l(printf8.o)
    0x08001d9c   0x00000108   Code   RO          151    i.check_sensors     main.o
    0x08001ea4   0x00000018   Code   RO          366    i.delay_ms          delay.o
    0x08001ebc   0x0000015e   Code   RO          367    i.delay_us          delay.o
    0x0800201a   0x00000010   Code   RO          421    i.fputc             usart1.o
    0x0800202a   0x00000002   PAD
    0x0800202c   0x000000a8   Code   RO          393    i.key_scan          key.o
    0x080020d4   0x00000198   Code   RO          152    i.main              main.o
    0x0800226c   0x000002bc   Code   RO          153    i.show_info_page    main.o
    0x08002528   0x000001bc   Code   RO          154    i.show_rgb_page     main.o
    0x080026e4   0x000000bc   Code   RO          155    i.show_sensor_page  main.o
    0x080027a0   0x0000005c   Code   RO          156    i.show_welcome_page  main.o
    0x080027fc   0x0000018c   Code   RO          528    i.st7789vm_init     lcd.o
    0x08002988   0x0000002c   Code   RO          529    i.st7789vm_write_command  lcd.o
    0x080029b4   0x0000002c   Code   RO          530    i.st7789vm_write_command_parameter  lcd.o
    0x080029e0   0x00000034   Code   RO          531    i.st7789vm_write_data  lcd.o
    0x08002a14   0x00000032   Code   RO          157    i.update_rgb_color  main.o
    0x08002a46   0x00000002   PAD
    0x08002a48   0x00000020   Code   RO          423    i.usart1_send_byte  usart1.o
    0x08002a68   0x00002d23   Data   RO          621    .constdata          font.o
    0x0800578b   0x0000e108   Data   RO          638    .constdata          11.o
    0x08013893   0x00000001   PAD
    0x08013894   0x00000020   Data   RO         5751    Region$$Table       anon$$obj.o


    Execution Region RW_IRAM1 (Base: 0x20000000, Size: 0x00000648, Max: 0x00020000, ABSOLUTE)

    Base Addr    Size         Type   Attr      Idx    E Section Name        Object

    0x20000000   0x0000000c   Data   RW          159    .data               main.o
    0x2000000c   0x00000001   Data   RW          394    .data               key.o
    0x2000000d   0x00000010   Data   RW         3351    .data               stm32f4xx_rcc.o
    0x2000001d   0x00000003   PAD
    0x20000020   0x00000004   Data   RW         5729    .data               mc_w.l(stdout.o)
    0x20000024   0x0000000a   Zero   RW          158    .bss                main.o
    0x2000002e   0x00000202   Zero   RW          425    .bss                usart1.o
    0x20000230   0x00000016   Zero   RW          744    .bss                usart3.o
    0x20000246   0x00000002   PAD
    0x20000248   0x00000400   Zero   RW          141    STACK               startup_stm32f40_41xxx.o


==============================================================================

Image component sizes


      Code (inc. data)   RO Data    RW Data    ZI Data      Debug   Object Name

         0          0      57608          0          0        462   11.o
       264         28          0          0          0       1857   adc.o
        80          4          0          0          0        520   beep.o
       374          0          0          0          0       1466   delay.o
         0          0      11555          0          0        586   font.o
       304         28          0          1          0       1154   key.o
      1522         68          0          0          0       8413   lcd.o
       132         10          0          0          0        551   led.o
      2390        274          0         12         10     277475   main.o
       140         24          0          0          0       1447   misc.o
        80          4          0          0          0        525   relay.o
       268         14          0          0          0       2256   rgb.o
       260         10          0          0          0       1311   sg90.o
        72          6          0          0          0        513   sht30.o
        36          8        392          0       1024        804   startup_stm32f40_41xxx.o
       374         24          0          0          0       5310   stm32f4xx_adc.o
       240          0          0          0          0       3343   stm32f4xx_gpio.o
       360         42          0         16          0       5004   stm32f4xx_rcc.o
       350         38          0          0          0       3524   stm32f4xx_tim.o
       468          8          0          0          0       5859   stm32f4xx_usart.o
       340         32          0          0          0      53797   system_stm32f4xx.o
       532         60          0          0        514      29686   usart1.o
       372         54          0          0         22       1867   usart3.o

    ----------------------------------------------------------------------
      8976        736      69588         32       1572     407730   Object Totals
         0          0         32          0          0          0   (incl. Generated)
        18          0          1          3          2          0   (incl. Padding)

    ----------------------------------------------------------------------

      Code (inc. data)   RO Data    RW Data    ZI Data      Debug   Library Member Name

         0          0          0          0          0          0   entry.o
         0          0          0          0          0          0   entry10a.o
         0          0          0          0          0          0   entry11a.o
         8          4          0          0          0          0   entry2.o
         4          0          0          0          0          0   entry5.o
         0          0          0          0          0          0   entry7b.o
         0          0          0          0          0          0   entry8b.o
         8          4          0          0          0          0   entry9a.o
        30          0          0          0          0          0   handlers.o
        36          8          0          0          0         68   init.o
        30          0          0          0          0         68   llshl.o
        32          0          0          0          0         68   llushr.o
        36          0          0          0          0        108   memseta.o
      1204         60          0          0          0        504   printf8.o
         0          0          0          4          0          0   stdout.o
        98          0          0          0          0         92   uldiv.o

    ----------------------------------------------------------------------
      1488         76          0          4          0        908   Library Totals
         2          0          0          0          0          0   (incl. Padding)

    ----------------------------------------------------------------------

      Code (inc. data)   RO Data    RW Data    ZI Data      Debug   Library Name

      1486         76          0          4          0        908   mc_w.l

    ----------------------------------------------------------------------
      1488         76          0          4          0        908   Library Totals

    ----------------------------------------------------------------------

==============================================================================


      Code (inc. data)   RO Data    RW Data    ZI Data      Debug   

     10464        812      69588         36       1572     401126   Grand Totals
     10464        812      69588         36       1572     401126   ELF Image Totals
     10464        812      69588         36          0          0   ROM Totals

==============================================================================

    Total RO  Size (Code + RO Data)                80052 (  78.18kB)
    Total RW  Size (RW Data + ZI Data)              1608 (   1.57kB)
    Total ROM Size (Code + RO Data + RW Data)      80088 (  78.21kB)

==============================================================================

